Replace Part 2VDX1 SMA-J-P-H-ST-TH1 in C:\Users\57778\Desktop\multi\PCB_Project\Amplify2.SchDoc with SMA-J-P-H-ST-TH1 from Schlib1.SchLib
Replace Part 2VDX2 SMA-J-P-H-ST-TH1 in C:\Users\57778\Desktop\multi\PCB_Project\Amplify2.SchDoc with SMA-J-P-H-ST-TH1 from Schlib1.SchLib
Replace Part 2VDX3 SMA-J-P-H-ST-TH1 in C:\Users\57778\Desktop\multi\PCB_Project\Amplify2.SchDoc with SMA-J-P-H-ST-TH1 from Schlib1.SchLib
Replace Part 2VDX4 SMA-J-P-H-ST-TH1 in C:\Users\57778\Desktop\multi\PCB_Project\Amplify2.SchDoc with SMA-J-P-H-ST-TH1 from Schlib1.SchLib
Replace Part 2VDX5 SMA-J-P-H-ST-TH1 in C:\Users\57778\Desktop\multi\PCB_Project\Amplify2.SchDoc with SMA-J-P-H-ST-TH1 from Schlib1.SchLib
Replace Part 2VDX6 SMA-J-P-H-ST-TH1 in C:\Users\57778\Desktop\multi\PCB_Project\Amplify2.SchDoc with SMA-J-P-H-ST-TH1 from Schlib1.SchLib
Replace Part 2VDX7 SMA-J-P-H-ST-TH1 in C:\Users\57778\Desktop\multi\PCB_Project\Amplify2.SchDoc with SMA-J-P-H-ST-TH1 from Schlib1.SchLib
Replace Part 2VDX8 SMA-J-P-H-ST-TH1 in C:\Users\57778\Desktop\multi\PCB_Project\Amplify2.SchDoc with SMA-J-P-H-ST-TH1 from Schlib1.SchLib
Replace Part 2VDX9 SMA-J-P-H-ST-TH1 in C:\Users\57778\Desktop\multi\PCB_Project\Amplify2.SchDoc with SMA-J-P-H-ST-TH1 from Schlib1.SchLib
Replace Part 2VDX10 SMA-J-P-H-ST-TH1 in C:\Users\57778\Desktop\multi\PCB_Project\Amplify2.SchDoc with SMA-J-P-H-ST-TH1 from Schlib1.SchLib
Replace Part 2VDX11 SMA-J-P-H-ST-TH1 in C:\Users\57778\Desktop\multi\PCB_Project\Amplify2.SchDoc with SMA-J-P-H-ST-TH1 from Schlib1.SchLib
Replace Part B13 AD8541ARZ in C:\Users\57778\Desktop\multi\PCB_Project\Amplify2.SchDoc with AD8541ARZ from Schlib1.SchLib
Replace Part B14 AD8541ARZ in C:\Users\57778\Desktop\multi\PCB_Project\Amplify2.SchDoc with AD8541ARZ from Schlib1.SchLib
Replace Part B15 ADA4610-2ARZ-R7 in C:\Users\57778\Desktop\multi\PCB_Project\Amplify2.SchDoc with ADA4610-2ARZ-R7 from Schlib1.SchLib
Replace Part B16 ADA4610-2ARZ-R7 in C:\Users\57778\Desktop\multi\PCB_Project\Amplify2.SchDoc with ADA4610-2ARZ-R7 from Schlib1.SchLib
Replace Part B17 AD8541ARZ in C:\Users\57778\Desktop\multi\PCB_Project\Amplify2.SchDoc with AD8541ARZ from Schlib1.SchLib
Replace Part B18 AD8541ARZ in C:\Users\57778\Desktop\multi\PCB_Project\Amplify2.SchDoc with AD8541ARZ from Schlib1.SchLib
Replace Part B19 ADA4610-2ARZ-R7 in C:\Users\57778\Desktop\multi\PCB_Project\Amplify2.SchDoc with ADA4610-2ARZ-R7 from Schlib1.SchLib
Replace Part B20 ADA4610-2ARZ-R7 in C:\Users\57778\Desktop\multi\PCB_Project\Amplify2.SchDoc with ADA4610-2ARZ-R7 from Schlib1.SchLib
Replace Part B21 AD8541ARZ in C:\Users\57778\Desktop\multi\PCB_Project\Amplify2.SchDoc with AD8541ARZ from Schlib1.SchLib
Replace Part B22 ADA4610-2ARZ-R7 in C:\Users\57778\Desktop\multi\PCB_Project\Amplify2.SchDoc with ADA4610-2ARZ-R7 from Schlib1.SchLib
Replace Part C19 capacitor in C:\Users\57778\Desktop\multi\PCB_Project\Amplify2.SchDoc with capacitor from Schlib1.SchLib
Replace Part C20 capacitor in C:\Users\57778\Desktop\multi\PCB_Project\Amplify2.SchDoc with capacitor from Schlib1.SchLib
Replace Part C21 capacitor in C:\Users\57778\Desktop\multi\PCB_Project\Amplify2.SchDoc with capacitor from Schlib1.SchLib
Replace Part C22 capacitor in C:\Users\57778\Desktop\multi\PCB_Project\Amplify2.SchDoc with capacitor from Schlib1.SchLib
Replace Part C23 capacitor in C:\Users\57778\Desktop\multi\PCB_Project\Amplify2.SchDoc with capacitor from Schlib1.SchLib
Replace Part C24 capacitor in C:\Users\57778\Desktop\multi\PCB_Project\Amplify2.SchDoc with capacitor from Schlib1.SchLib
Replace Part C26 capacitor in C:\Users\57778\Desktop\multi\PCB_Project\Amplify2.SchDoc with capacitor from Schlib1.SchLib
Replace Part C27 capacitor in C:\Users\57778\Desktop\multi\PCB_Project\Amplify2.SchDoc with capacitor from Schlib1.SchLib
Replace Part C28 capacitor in C:\Users\57778\Desktop\multi\PCB_Project\Amplify2.SchDoc with capacitor from Schlib1.SchLib
Replace Part C29 capacitor in C:\Users\57778\Desktop\multi\PCB_Project\Amplify2.SchDoc with capacitor from Schlib1.SchLib
Replace Part R69 resistor in C:\Users\57778\Desktop\multi\PCB_Project\Amplify2.SchDoc with resistor from Schlib1.SchLib
Replace Part R70 resistor in C:\Users\57778\Desktop\multi\PCB_Project\Amplify2.SchDoc with resistor from Schlib1.SchLib
Replace Part R71 resistor in C:\Users\57778\Desktop\multi\PCB_Project\Amplify2.SchDoc with resistor from Schlib1.SchLib
Replace Part R72 resistor in C:\Users\57778\Desktop\multi\PCB_Project\Amplify2.SchDoc with resistor from Schlib1.SchLib
Replace Part R73 resistor in C:\Users\57778\Desktop\multi\PCB_Project\Amplify2.SchDoc with resistor from Schlib1.SchLib
Replace Part R74 resistor in C:\Users\57778\Desktop\multi\PCB_Project\Amplify2.SchDoc with resistor from Schlib1.SchLib
Replace Part R75 resistor in C:\Users\57778\Desktop\multi\PCB_Project\Amplify2.SchDoc with resistor from Schlib1.SchLib
Replace Part R76 resistor in C:\Users\57778\Desktop\multi\PCB_Project\Amplify2.SchDoc with resistor from Schlib1.SchLib
Replace Part R77 resistor in C:\Users\57778\Desktop\multi\PCB_Project\Amplify2.SchDoc with resistor from Schlib1.SchLib
Replace Part R78 resistor in C:\Users\57778\Desktop\multi\PCB_Project\Amplify2.SchDoc with resistor from Schlib1.SchLib
Replace Part R79 resistor in C:\Users\57778\Desktop\multi\PCB_Project\Amplify2.SchDoc with resistor from Schlib1.SchLib
Replace Part R80 resistor in C:\Users\57778\Desktop\multi\PCB_Project\Amplify2.SchDoc with resistor from Schlib1.SchLib
Replace Part R81 resistor in C:\Users\57778\Desktop\multi\PCB_Project\Amplify2.SchDoc with resistor from Schlib1.SchLib
Replace Part R82 resistor in C:\Users\57778\Desktop\multi\PCB_Project\Amplify2.SchDoc with resistor from Schlib1.SchLib
Replace Part R83 resistor in C:\Users\57778\Desktop\multi\PCB_Project\Amplify2.SchDoc with resistor from Schlib1.SchLib
Replace Part R84 resistor in C:\Users\57778\Desktop\multi\PCB_Project\Amplify2.SchDoc with resistor from Schlib1.SchLib
Replace Part R85 resistor in C:\Users\57778\Desktop\multi\PCB_Project\Amplify2.SchDoc with resistor from Schlib1.SchLib
Replace Part R86 resistor in C:\Users\57778\Desktop\multi\PCB_Project\Amplify2.SchDoc with resistor from Schlib1.SchLib
Replace Part R87 resistor in C:\Users\57778\Desktop\multi\PCB_Project\Amplify2.SchDoc with resistor from Schlib1.SchLib
Replace Part R88 resistor in C:\Users\57778\Desktop\multi\PCB_Project\Amplify2.SchDoc with resistor from Schlib1.SchLib
Replace Part R89 resistor in C:\Users\57778\Desktop\multi\PCB_Project\Amplify2.SchDoc with resistor from Schlib1.SchLib
Replace Part R90 resistor in C:\Users\57778\Desktop\multi\PCB_Project\Amplify2.SchDoc with resistor from Schlib1.SchLib
Replace Part R91 resistor in C:\Users\57778\Desktop\multi\PCB_Project\Amplify2.SchDoc with resistor from Schlib1.SchLib
Replace Part R92 resistor in C:\Users\57778\Desktop\multi\PCB_Project\Amplify2.SchDoc with resistor from Schlib1.SchLib
Replace Part R93 resistor in C:\Users\57778\Desktop\multi\PCB_Project\Amplify2.SchDoc with resistor from Schlib1.SchLib
Replace Part S_IN1 SMA-J-P-H-ST-TH1 in C:\Users\57778\Desktop\multi\PCB_Project\Amplify2.SchDoc with SMA-J-P-H-ST-TH1 from Schlib1.SchLib
Replace Part S_IN2 SMA-J-P-H-ST-TH1 in C:\Users\57778\Desktop\multi\PCB_Project\Amplify2.SchDoc with SMA-J-P-H-ST-TH1 from Schlib1.SchLib
Replace Part S_IN3 SMA-J-P-H-ST-TH1 in C:\Users\57778\Desktop\multi\PCB_Project\Amplify2.SchDoc with SMA-J-P-H-ST-TH1 from Schlib1.SchLib
Replace Part S_IN4 SMA-J-P-H-ST-TH1 in C:\Users\57778\Desktop\multi\PCB_Project\Amplify2.SchDoc with SMA-J-P-H-ST-TH1 from Schlib1.SchLib
Replace Part S_IN5 SMA-J-P-H-ST-TH1 in C:\Users\57778\Desktop\multi\PCB_Project\Amplify2.SchDoc with SMA-J-P-H-ST-TH1 from Schlib1.SchLib
Replace Part S_IN6 SMA-J-P-H-ST-TH1 in C:\Users\57778\Desktop\multi\PCB_Project\Amplify2.SchDoc with SMA-J-P-H-ST-TH1 from Schlib1.SchLib
Replace Part X7 MSS-102545-28A-D in C:\Users\57778\Desktop\multi\PCB_Project\Amplify2.SchDoc with MSS-102545-28A-D from Schlib1.SchLib
Replace Part X8 MSS-102545-28A-D in C:\Users\57778\Desktop\multi\PCB_Project\Amplify2.SchDoc with MSS-102545-28A-D from Schlib1.SchLib
Replace Part X9 MSS-102545-28A-D in C:\Users\57778\Desktop\multi\PCB_Project\Amplify2.SchDoc with MSS-102545-28A-D from Schlib1.SchLib
Replace Part X10 MSS-102545-28A-D in C:\Users\57778\Desktop\multi\PCB_Project\Amplify2.SchDoc with MSS-102545-28A-D from Schlib1.SchLib
Replace Part X11 MSS-102545-28A-D in C:\Users\57778\Desktop\multi\PCB_Project\Amplify2.SchDoc with MSS-102545-28A-D from Schlib1.SchLib
