Replace Part 2VDX12 SMA-J-P-H-ST-TH1 in C:\Users\57778\Desktop\multi\PCB_Project\Amplify3.SchDoc with SMA-J-P-H-ST-TH1 from Schlib1.SchLib
Replace Part 2VDX13 SMA-J-P-H-ST-TH1 in C:\Users\57778\Desktop\multi\PCB_Project\Amplify3.SchDoc with SMA-J-P-H-ST-TH1 from Schlib1.SchLib
Replace Part 2VDX14 SMA-J-P-H-ST-TH1 in C:\Users\57778\Desktop\multi\PCB_Project\Amplify3.SchDoc with SMA-J-P-H-ST-TH1 from Schlib1.SchLib
Replace Part 2VDX15 SMA-J-P-H-ST-TH1 in C:\Users\57778\Desktop\multi\PCB_Project\Amplify3.SchDoc with SMA-J-P-H-ST-TH1 from Schlib1.SchLib
Replace Part B31 AD8541ARZ in C:\Users\57778\Desktop\multi\PCB_Project\Amplify3.SchDoc with AD8541ARZ from Schlib1.SchLib
Replace Part B32 ADA4610-2ARZ-R7 in C:\Users\57778\Desktop\multi\PCB_Project\Amplify3.SchDoc with ADA4610-2ARZ-R7 from Schlib1.SchLib
Replace Part B33 AD8541ARZ in C:\Users\57778\Desktop\multi\PCB_Project\Amplify3.SchDoc with AD8541ARZ from Schlib1.SchLib
Replace Part B34 ADA4610-2ARZ-R7 in C:\Users\57778\Desktop\multi\PCB_Project\Amplify3.SchDoc with ADA4610-2ARZ-R7 from Schlib1.SchLib
Replace Part B35 AD8541ARZ in C:\Users\57778\Desktop\multi\PCB_Project\Amplify3.SchDoc with AD8541ARZ from Schlib1.SchLib
Replace Part B36 ADA4610-2ARZ-R7 in C:\Users\57778\Desktop\multi\PCB_Project\Amplify3.SchDoc with ADA4610-2ARZ-R7 from Schlib1.SchLib
Replace Part B37 AD8541ARZ in C:\Users\57778\Desktop\multi\PCB_Project\Amplify3.SchDoc with AD8541ARZ from Schlib1.SchLib
Replace Part B38 ADA4610-2ARZ-R7 in C:\Users\57778\Desktop\multi\PCB_Project\Amplify3.SchDoc with ADA4610-2ARZ-R7 from Schlib1.SchLib
Replace Part C34 capacitor in C:\Users\57778\Desktop\multi\PCB_Project\Amplify3.SchDoc with capacitor from Schlib1.SchLib
Replace Part C35 capacitor in C:\Users\57778\Desktop\multi\PCB_Project\Amplify3.SchDoc with capacitor from Schlib1.SchLib
Replace Part C36 capacitor in C:\Users\57778\Desktop\multi\PCB_Project\Amplify3.SchDoc with capacitor from Schlib1.SchLib
Replace Part C37 capacitor in C:\Users\57778\Desktop\multi\PCB_Project\Amplify3.SchDoc with capacitor from Schlib1.SchLib
Replace Part C38 capacitor in C:\Users\57778\Desktop\multi\PCB_Project\Amplify3.SchDoc with capacitor from Schlib1.SchLib
Replace Part C39 capacitor in C:\Users\57778\Desktop\multi\PCB_Project\Amplify3.SchDoc with capacitor from Schlib1.SchLib
Replace Part C40 capacitor in C:\Users\57778\Desktop\multi\PCB_Project\Amplify3.SchDoc with capacitor from Schlib1.SchLib
Replace Part C41 capacitor in C:\Users\57778\Desktop\multi\PCB_Project\Amplify3.SchDoc with capacitor from Schlib1.SchLib
Replace Part R17 resistor in C:\Users\57778\Desktop\multi\PCB_Project\Amplify3.SchDoc with resistor from Schlib1.SchLib
Replace Part R18 resistor in C:\Users\57778\Desktop\multi\PCB_Project\Amplify3.SchDoc with resistor from Schlib1.SchLib
Replace Part R19 resistor in C:\Users\57778\Desktop\multi\PCB_Project\Amplify3.SchDoc with resistor from Schlib1.SchLib
Replace Part R20 resistor in C:\Users\57778\Desktop\multi\PCB_Project\Amplify3.SchDoc with resistor from Schlib1.SchLib
Replace Part R21 resistor in C:\Users\57778\Desktop\multi\PCB_Project\Amplify3.SchDoc with resistor from Schlib1.SchLib
Replace Part R22 resistor in C:\Users\57778\Desktop\multi\PCB_Project\Amplify3.SchDoc with resistor from Schlib1.SchLib
Replace Part R23 resistor in C:\Users\57778\Desktop\multi\PCB_Project\Amplify3.SchDoc with resistor from Schlib1.SchLib
Replace Part R24 resistor in C:\Users\57778\Desktop\multi\PCB_Project\Amplify3.SchDoc with resistor from Schlib1.SchLib
Replace Part R25 resistor in C:\Users\57778\Desktop\multi\PCB_Project\Amplify3.SchDoc with resistor from Schlib1.SchLib
Replace Part R26 resistor in C:\Users\57778\Desktop\multi\PCB_Project\Amplify3.SchDoc with resistor from Schlib1.SchLib
Replace Part R27 resistor in C:\Users\57778\Desktop\multi\PCB_Project\Amplify3.SchDoc with resistor from Schlib1.SchLib
Replace Part R28 resistor in C:\Users\57778\Desktop\multi\PCB_Project\Amplify3.SchDoc with resistor from Schlib1.SchLib
Replace Part R29 resistor in C:\Users\57778\Desktop\multi\PCB_Project\Amplify3.SchDoc with resistor from Schlib1.SchLib
Replace Part R30 resistor in C:\Users\57778\Desktop\multi\PCB_Project\Amplify3.SchDoc with resistor from Schlib1.SchLib
Replace Part R31 resistor in C:\Users\57778\Desktop\multi\PCB_Project\Amplify3.SchDoc with resistor from Schlib1.SchLib
Replace Part R32 resistor in C:\Users\57778\Desktop\multi\PCB_Project\Amplify3.SchDoc with resistor from Schlib1.SchLib
Replace Part R33 resistor in C:\Users\57778\Desktop\multi\PCB_Project\Amplify3.SchDoc with resistor from Schlib1.SchLib
Replace Part R34 resistor in C:\Users\57778\Desktop\multi\PCB_Project\Amplify3.SchDoc with resistor from Schlib1.SchLib
Replace Part R35 resistor in C:\Users\57778\Desktop\multi\PCB_Project\Amplify3.SchDoc with resistor from Schlib1.SchLib
Replace Part R36 resistor in C:\Users\57778\Desktop\multi\PCB_Project\Amplify3.SchDoc with resistor from Schlib1.SchLib
Replace Part VD12 SMA-J-P-H-ST-TH1 in C:\Users\57778\Desktop\multi\PCB_Project\Amplify3.SchDoc with SMA-J-P-H-ST-TH1 from Schlib1.SchLib
Replace Part VD13 SMA-J-P-H-ST-TH1 in C:\Users\57778\Desktop\multi\PCB_Project\Amplify3.SchDoc with SMA-J-P-H-ST-TH1 from Schlib1.SchLib
Replace Part VD14 SMA-J-P-H-ST-TH1 in C:\Users\57778\Desktop\multi\PCB_Project\Amplify3.SchDoc with SMA-J-P-H-ST-TH1 from Schlib1.SchLib
Replace Part VD15 SMA-J-P-H-ST-TH1 in C:\Users\57778\Desktop\multi\PCB_Project\Amplify3.SchDoc with SMA-J-P-H-ST-TH1 from Schlib1.SchLib
Replace Part X12 MSS-102545-28A-D in C:\Users\57778\Desktop\multi\PCB_Project\Amplify3.SchDoc with MSS-102545-28A-D from Schlib1.SchLib
Replace Part X13 MSS-102545-28A-D in C:\Users\57778\Desktop\multi\PCB_Project\Amplify3.SchDoc with MSS-102545-28A-D from Schlib1.SchLib
Replace Part X14 MSS-102545-28A-D in C:\Users\57778\Desktop\multi\PCB_Project\Amplify3.SchDoc with MSS-102545-28A-D from Schlib1.SchLib
Replace Part X15 MSS-102545-28A-D in C:\Users\57778\Desktop\multi\PCB_Project\Amplify3.SchDoc with MSS-102545-28A-D from Schlib1.SchLib
