Replace Part B1 AD8541ARZ in C:\Users\57778\Desktop\multi\PCB_Project\Amplify.SchDoc with AD8541ARZ from Schlib1.SchLib
Replace Part B2 ADA4610-2ARZ-R7 in C:\Users\57778\Desktop\multi\PCB_Project\Amplify.SchDoc with ADA4610-2ARZ-R7 from Schlib1.SchLib
Replace Part B3 AD8541ARZ in C:\Users\57778\Desktop\multi\PCB_Project\Amplify.SchDoc with AD8541ARZ from Schlib1.SchLib
Replace Part B4 ADA4610-2ARZ-R7 in C:\Users\57778\Desktop\multi\PCB_Project\Amplify.SchDoc with ADA4610-2ARZ-R7 from Schlib1.SchLib
Replace Part B5 AD8541ARZ in C:\Users\57778\Desktop\multi\PCB_Project\Amplify.SchDoc with AD8541ARZ from Schlib1.SchLib
Replace Part B6 ADA4610-2ARZ-R7 in C:\Users\57778\Desktop\multi\PCB_Project\Amplify.SchDoc with ADA4610-2ARZ-R7 from Schlib1.SchLib
Replace Part B7 AD8541ARZ in C:\Users\57778\Desktop\multi\PCB_Project\Amplify.SchDoc with AD8541ARZ from Schlib1.SchLib
Replace Part B8 ADA4610-2ARZ-R7 in C:\Users\57778\Desktop\multi\PCB_Project\Amplify.SchDoc with ADA4610-2ARZ-R7 from Schlib1.SchLib
Replace Part B9 AD8541ARZ in C:\Users\57778\Desktop\multi\PCB_Project\Amplify.SchDoc with AD8541ARZ from Schlib1.SchLib
Replace Part B10 ADA4610-2ARZ-R7 in C:\Users\57778\Desktop\multi\PCB_Project\Amplify.SchDoc with ADA4610-2ARZ-R7 from Schlib1.SchLib
Replace Part B11 AD8541ARZ in C:\Users\57778\Desktop\multi\PCB_Project\Amplify.SchDoc with AD8541ARZ from Schlib1.SchLib
Replace Part B12 ADA4610-2ARZ-R7 in C:\Users\57778\Desktop\multi\PCB_Project\Amplify.SchDoc with ADA4610-2ARZ-R7 from Schlib1.SchLib
Replace Part C7 capacitor in C:\Users\57778\Desktop\multi\PCB_Project\Amplify.SchDoc with capacitor from Schlib1.SchLib
Replace Part C8 capacitor in C:\Users\57778\Desktop\multi\PCB_Project\Amplify.SchDoc with capacitor from Schlib1.SchLib
Replace Part C9 capacitor in C:\Users\57778\Desktop\multi\PCB_Project\Amplify.SchDoc with capacitor from Schlib1.SchLib
Replace Part C10 capacitor in C:\Users\57778\Desktop\multi\PCB_Project\Amplify.SchDoc with capacitor from Schlib1.SchLib
Replace Part C11 capacitor in C:\Users\57778\Desktop\multi\PCB_Project\Amplify.SchDoc with capacitor from Schlib1.SchLib
Replace Part C12 capacitor in C:\Users\57778\Desktop\multi\PCB_Project\Amplify.SchDoc with capacitor from Schlib1.SchLib
Replace Part C13 capacitor in C:\Users\57778\Desktop\multi\PCB_Project\Amplify.SchDoc with capacitor from Schlib1.SchLib
Replace Part C14 capacitor in C:\Users\57778\Desktop\multi\PCB_Project\Amplify.SchDoc with capacitor from Schlib1.SchLib
Replace Part C15 capacitor in C:\Users\57778\Desktop\multi\PCB_Project\Amplify.SchDoc with capacitor from Schlib1.SchLib
Replace Part C16 capacitor in C:\Users\57778\Desktop\multi\PCB_Project\Amplify.SchDoc with capacitor from Schlib1.SchLib
Replace Part C17 capacitor in C:\Users\57778\Desktop\multi\PCB_Project\Amplify.SchDoc with capacitor from Schlib1.SchLib
Replace Part C18 capacitor in C:\Users\57778\Desktop\multi\PCB_Project\Amplify.SchDoc with capacitor from Schlib1.SchLib
Replace Part R39 resistor in C:\Users\57778\Desktop\multi\PCB_Project\Amplify.SchDoc with resistor from Schlib1.SchLib
Replace Part R40 resistor in C:\Users\57778\Desktop\multi\PCB_Project\Amplify.SchDoc with resistor from Schlib1.SchLib
Replace Part R41 resistor in C:\Users\57778\Desktop\multi\PCB_Project\Amplify.SchDoc with resistor from Schlib1.SchLib
Replace Part R42 resistor in C:\Users\57778\Desktop\multi\PCB_Project\Amplify.SchDoc with resistor from Schlib1.SchLib
Replace Part R43 resistor in C:\Users\57778\Desktop\multi\PCB_Project\Amplify.SchDoc with resistor from Schlib1.SchLib
Replace Part R44 resistor in C:\Users\57778\Desktop\multi\PCB_Project\Amplify.SchDoc with resistor from Schlib1.SchLib
Replace Part R45 resistor in C:\Users\57778\Desktop\multi\PCB_Project\Amplify.SchDoc with resistor from Schlib1.SchLib
Replace Part R46 resistor in C:\Users\57778\Desktop\multi\PCB_Project\Amplify.SchDoc with resistor from Schlib1.SchLib
Replace Part R47 resistor in C:\Users\57778\Desktop\multi\PCB_Project\Amplify.SchDoc with resistor from Schlib1.SchLib
Replace Part R48 resistor in C:\Users\57778\Desktop\multi\PCB_Project\Amplify.SchDoc with resistor from Schlib1.SchLib
Replace Part R49 resistor in C:\Users\57778\Desktop\multi\PCB_Project\Amplify.SchDoc with resistor from Schlib1.SchLib
Replace Part R50 resistor in C:\Users\57778\Desktop\multi\PCB_Project\Amplify.SchDoc with resistor from Schlib1.SchLib
Replace Part R51 resistor in C:\Users\57778\Desktop\multi\PCB_Project\Amplify.SchDoc with resistor from Schlib1.SchLib
Replace Part R52 resistor in C:\Users\57778\Desktop\multi\PCB_Project\Amplify.SchDoc with resistor from Schlib1.SchLib
Replace Part R53 resistor in C:\Users\57778\Desktop\multi\PCB_Project\Amplify.SchDoc with resistor from Schlib1.SchLib
Replace Part R54 resistor in C:\Users\57778\Desktop\multi\PCB_Project\Amplify.SchDoc with resistor from Schlib1.SchLib
Replace Part R55 resistor in C:\Users\57778\Desktop\multi\PCB_Project\Amplify.SchDoc with resistor from Schlib1.SchLib
Replace Part R56 resistor in C:\Users\57778\Desktop\multi\PCB_Project\Amplify.SchDoc with resistor from Schlib1.SchLib
Replace Part R57 resistor in C:\Users\57778\Desktop\multi\PCB_Project\Amplify.SchDoc with resistor from Schlib1.SchLib
Replace Part R58 resistor in C:\Users\57778\Desktop\multi\PCB_Project\Amplify.SchDoc with resistor from Schlib1.SchLib
Replace Part R59 resistor in C:\Users\57778\Desktop\multi\PCB_Project\Amplify.SchDoc with resistor from Schlib1.SchLib
Replace Part R60 resistor in C:\Users\57778\Desktop\multi\PCB_Project\Amplify.SchDoc with resistor from Schlib1.SchLib
Replace Part R61 resistor in C:\Users\57778\Desktop\multi\PCB_Project\Amplify.SchDoc with resistor from Schlib1.SchLib
Replace Part R62 resistor in C:\Users\57778\Desktop\multi\PCB_Project\Amplify.SchDoc with resistor from Schlib1.SchLib
Replace Part R63 resistor in C:\Users\57778\Desktop\multi\PCB_Project\Amplify.SchDoc with resistor from Schlib1.SchLib
Replace Part R64 resistor in C:\Users\57778\Desktop\multi\PCB_Project\Amplify.SchDoc with resistor from Schlib1.SchLib
Replace Part R65 resistor in C:\Users\57778\Desktop\multi\PCB_Project\Amplify.SchDoc with resistor from Schlib1.SchLib
Replace Part R66 resistor in C:\Users\57778\Desktop\multi\PCB_Project\Amplify.SchDoc with resistor from Schlib1.SchLib
Replace Part R67 resistor in C:\Users\57778\Desktop\multi\PCB_Project\Amplify.SchDoc with resistor from Schlib1.SchLib
Replace Part R68 resistor in C:\Users\57778\Desktop\multi\PCB_Project\Amplify.SchDoc with resistor from Schlib1.SchLib
Replace Part VD1 SMA-J-P-H-ST-TH1 in C:\Users\57778\Desktop\multi\PCB_Project\Amplify.SchDoc with SMA-J-P-H-ST-TH1 from Schlib1.SchLib
Replace Part VD2 SMA-J-P-H-ST-TH1 in C:\Users\57778\Desktop\multi\PCB_Project\Amplify.SchDoc with SMA-J-P-H-ST-TH1 from Schlib1.SchLib
Replace Part VD3 SMA-J-P-H-ST-TH1 in C:\Users\57778\Desktop\multi\PCB_Project\Amplify.SchDoc with SMA-J-P-H-ST-TH1 from Schlib1.SchLib
Replace Part VD4 SMA-J-P-H-ST-TH1 in C:\Users\57778\Desktop\multi\PCB_Project\Amplify.SchDoc with SMA-J-P-H-ST-TH1 from Schlib1.SchLib
Replace Part VD5 SMA-J-P-H-ST-TH1 in C:\Users\57778\Desktop\multi\PCB_Project\Amplify.SchDoc with SMA-J-P-H-ST-TH1 from Schlib1.SchLib
Replace Part VD6 SMA-J-P-H-ST-TH1 in C:\Users\57778\Desktop\multi\PCB_Project\Amplify.SchDoc with SMA-J-P-H-ST-TH1 from Schlib1.SchLib
Replace Part VD7 SMA-J-P-H-ST-TH1 in C:\Users\57778\Desktop\multi\PCB_Project\Amplify.SchDoc with SMA-J-P-H-ST-TH1 from Schlib1.SchLib
Replace Part VD8 SMA-J-P-H-ST-TH1 in C:\Users\57778\Desktop\multi\PCB_Project\Amplify.SchDoc with SMA-J-P-H-ST-TH1 from Schlib1.SchLib
Replace Part VD9 SMA-J-P-H-ST-TH1 in C:\Users\57778\Desktop\multi\PCB_Project\Amplify.SchDoc with SMA-J-P-H-ST-TH1 from Schlib1.SchLib
Replace Part VD10 SMA-J-P-H-ST-TH1 in C:\Users\57778\Desktop\multi\PCB_Project\Amplify.SchDoc with SMA-J-P-H-ST-TH1 from Schlib1.SchLib
Replace Part VD11 SMA-J-P-H-ST-TH1 in C:\Users\57778\Desktop\multi\PCB_Project\Amplify.SchDoc with SMA-J-P-H-ST-TH1 from Schlib1.SchLib
Replace Part X1 MSS-102545-28A-D in C:\Users\57778\Desktop\multi\PCB_Project\Amplify.SchDoc with MSS-102545-28A-D from Schlib1.SchLib
Replace Part X2 MSS-102545-28A-D in C:\Users\57778\Desktop\multi\PCB_Project\Amplify.SchDoc with MSS-102545-28A-D from Schlib1.SchLib
Replace Part X3 MSS-102545-28A-D in C:\Users\57778\Desktop\multi\PCB_Project\Amplify.SchDoc with MSS-102545-28A-D from Schlib1.SchLib
Replace Part X4 MSS-102545-28A-D in C:\Users\57778\Desktop\multi\PCB_Project\Amplify.SchDoc with MSS-102545-28A-D from Schlib1.SchLib
Replace Part X5 MSS-102545-28A-D in C:\Users\57778\Desktop\multi\PCB_Project\Amplify.SchDoc with MSS-102545-28A-D from Schlib1.SchLib
Replace Part X6 MSS-102545-28A-D in C:\Users\57778\Desktop\multi\PCB_Project\Amplify.SchDoc with MSS-102545-28A-D from Schlib1.SchLib
