Replace Part 2VDXE1 SMA-J-P-H-ST-TH1 in C:\Users\57778\Desktop\multi\PCB_Project\gate.SchDoc with SMA-J-P-H-ST-TH1 from Schlib1.SchLib
Replace Part 2VDXE2 SMA-J-P-H-ST-TH1 in C:\Users\57778\Desktop\multi\PCB_Project\gate.SchDoc with SMA-J-P-H-ST-TH1 from Schlib1.SchLib
Replace Part B23 AD8541ARZ in C:\Users\57778\Desktop\multi\PCB_Project\gate.SchDoc with AD8541ARZ from Schlib1.SchLib
Replace Part B24 AD8541ARZ in C:\Users\57778\Desktop\multi\PCB_Project\gate.SchDoc with AD8541ARZ from Schlib1.SchLib
Replace Part B25 AD8541ARZ in C:\Users\57778\Desktop\multi\PCB_Project\gate.SchDoc with AD8541ARZ from Schlib1.SchLib
Replace Part B26 AD8541ARZ in C:\Users\57778\Desktop\multi\PCB_Project\gate.SchDoc with AD8541ARZ from Schlib1.SchLib
Replace Part B27 AD8541ARZ in C:\Users\57778\Desktop\multi\PCB_Project\gate.SchDoc with AD8541ARZ from Schlib1.SchLib
Replace Part B28 ADA4610-2ARZ-R7 in C:\Users\57778\Desktop\multi\PCB_Project\gate.SchDoc with ADA4610-2ARZ-R7 from Schlib1.SchLib
Replace Part B29 AD8541ARZ in C:\Users\57778\Desktop\multi\PCB_Project\gate.SchDoc with AD8541ARZ from Schlib1.SchLib
Replace Part B30 ADA4610-2ARZ-R7 in C:\Users\57778\Desktop\multi\PCB_Project\gate.SchDoc with ADA4610-2ARZ-R7 from Schlib1.SchLib
Replace Part BG SMA-J-P-H-ST-TH1 in C:\Users\57778\Desktop\multi\PCB_Project\gate.SchDoc with SMA-J-P-H-ST-TH1 from Schlib1.SchLib
Replace Part C30 capacitor in C:\Users\57778\Desktop\multi\PCB_Project\gate.SchDoc with capacitor from Schlib1.SchLib
Replace Part C31 capacitor in C:\Users\57778\Desktop\multi\PCB_Project\gate.SchDoc with capacitor from Schlib1.SchLib
Replace Part C32 capacitor in C:\Users\57778\Desktop\multi\PCB_Project\gate.SchDoc with capacitor from Schlib1.SchLib
Replace Part C33 capacitor in C:\Users\57778\Desktop\multi\PCB_Project\gate.SchDoc with capacitor from Schlib1.SchLib
Replace Part E1 SMA-J-P-H-ST-TH1 in C:\Users\57778\Desktop\multi\PCB_Project\gate.SchDoc with SMA-J-P-H-ST-TH1 from Schlib1.SchLib
Replace Part E1_IN SMA-J-P-H-ST-TH1 in C:\Users\57778\Desktop\multi\PCB_Project\gate.SchDoc with SMA-J-P-H-ST-TH1 from Schlib1.SchLib
Replace Part E2_IN SMA-J-P-H-ST-TH1 in C:\Users\57778\Desktop\multi\PCB_Project\gate.SchDoc with SMA-J-P-H-ST-TH1 from Schlib1.SchLib
Replace Part E2_OUT SMA-J-P-H-ST-TH1 in C:\Users\57778\Desktop\multi\PCB_Project\gate.SchDoc with SMA-J-P-H-ST-TH1 from Schlib1.SchLib
Replace Part I_BG SMA-J-P-H-ST-TH1 in C:\Users\57778\Desktop\multi\PCB_Project\gate.SchDoc with SMA-J-P-H-ST-TH1 from Schlib1.SchLib
Replace Part I_SOL_G SMA-J-P-H-ST-TH1 in C:\Users\57778\Desktop\multi\PCB_Project\gate.SchDoc with SMA-J-P-H-ST-TH1 from Schlib1.SchLib
Replace Part I_TG4 SMA-J-P-H-ST-TH1 in C:\Users\57778\Desktop\multi\PCB_Project\gate.SchDoc with SMA-J-P-H-ST-TH1 from Schlib1.SchLib
Replace Part I_TG6 SMA-J-P-H-ST-TH1 in C:\Users\57778\Desktop\multi\PCB_Project\gate.SchDoc with SMA-J-P-H-ST-TH1 from Schlib1.SchLib
Replace Part LPF_E1_OUT SMA-J-P-H-ST-TH1 in C:\Users\57778\Desktop\multi\PCB_Project\gate.SchDoc with SMA-J-P-H-ST-TH1 from Schlib1.SchLib
Replace Part LPF_E2_OUT SMA-J-P-H-ST-TH1 in C:\Users\57778\Desktop\multi\PCB_Project\gate.SchDoc with SMA-J-P-H-ST-TH1 from Schlib1.SchLib
Replace Part R1 resistor in C:\Users\57778\Desktop\multi\PCB_Project\gate.SchDoc with resistor from Schlib1.SchLib
Replace Part R2 resistor in C:\Users\57778\Desktop\multi\PCB_Project\gate.SchDoc with resistor from Schlib1.SchLib
Replace Part R3 resistor in C:\Users\57778\Desktop\multi\PCB_Project\gate.SchDoc with resistor from Schlib1.SchLib
Replace Part R6 resistor in C:\Users\57778\Desktop\multi\PCB_Project\gate.SchDoc with resistor from Schlib1.SchLib
Replace Part R7 resistor in C:\Users\57778\Desktop\multi\PCB_Project\gate.SchDoc with resistor from Schlib1.SchLib
Replace Part R8 resistor in C:\Users\57778\Desktop\multi\PCB_Project\gate.SchDoc with resistor from Schlib1.SchLib
Replace Part R9 resistor in C:\Users\57778\Desktop\multi\PCB_Project\gate.SchDoc with resistor from Schlib1.SchLib
Replace Part R10 resistor in C:\Users\57778\Desktop\multi\PCB_Project\gate.SchDoc with resistor from Schlib1.SchLib
Replace Part R11 resistor in C:\Users\57778\Desktop\multi\PCB_Project\gate.SchDoc with resistor from Schlib1.SchLib
Replace Part R12 resistor in C:\Users\57778\Desktop\multi\PCB_Project\gate.SchDoc with resistor from Schlib1.SchLib
Replace Part R13 resistor in C:\Users\57778\Desktop\multi\PCB_Project\gate.SchDoc with resistor from Schlib1.SchLib
Replace Part R14 resistor in C:\Users\57778\Desktop\multi\PCB_Project\gate.SchDoc with resistor from Schlib1.SchLib
Replace Part R15 resistor in C:\Users\57778\Desktop\multi\PCB_Project\gate.SchDoc with resistor from Schlib1.SchLib
Replace Part R16 resistor in C:\Users\57778\Desktop\multi\PCB_Project\gate.SchDoc with resistor from Schlib1.SchLib
Replace Part SOL_G SMA-J-P-H-ST-TH1 in C:\Users\57778\Desktop\multi\PCB_Project\gate.SchDoc with SMA-J-P-H-ST-TH1 from Schlib1.SchLib
Replace Part TG1 SMA-J-P-H-ST-TH1 in C:\Users\57778\Desktop\multi\PCB_Project\gate.SchDoc with SMA-J-P-H-ST-TH1 from Schlib1.SchLib
Replace Part TG2 SMA-J-P-H-ST-TH1 in C:\Users\57778\Desktop\multi\PCB_Project\gate.SchDoc with SMA-J-P-H-ST-TH1 from Schlib1.SchLib
Replace Part TIA_E1_OUT SMA-J-P-H-ST-TH1 in C:\Users\57778\Desktop\multi\PCB_Project\gate.SchDoc with SMA-J-P-H-ST-TH1 from Schlib1.SchLib
Replace Part TIA_E2_OUT SMA-J-P-H-ST-TH1 in C:\Users\57778\Desktop\multi\PCB_Project\gate.SchDoc with SMA-J-P-H-ST-TH1 from Schlib1.SchLib
Replace Part VD_E1 SMA-J-P-H-ST-TH1 in C:\Users\57778\Desktop\multi\PCB_Project\gate.SchDoc with SMA-J-P-H-ST-TH1 from Schlib1.SchLib
Replace Part VD_E2 SMA-J-P-H-ST-TH1 in C:\Users\57778\Desktop\multi\PCB_Project\gate.SchDoc with SMA-J-P-H-ST-TH1 from Schlib1.SchLib
Replace Part X29 MSS-102545-28A-D in C:\Users\57778\Desktop\multi\PCB_Project\gate.SchDoc with MSS-102545-28A-D from Schlib1.SchLib
Replace Part X30 MSS-102545-28A-D in C:\Users\57778\Desktop\multi\PCB_Project\gate.SchDoc with MSS-102545-28A-D from Schlib1.SchLib
