Removed Pin From Net: NetName=D2-2 Pin=*1-10
Removed Pin From Net: NetName=D9-1 Pin=*1-11
Removed Pin From Net: NetName=D3-1 Pin=*1-12
Removed Pin From Net: NetName=S9 Pin=*1-13
Removed Pin From Net: NetName=S3 Pin=*1-14
Removed Pin From Net: NetName=D9-2 Pin=*1-15
Removed Pin From Net: NetName=D3-2 Pin=*1-16
Removed Pin From Net: NetName=D10-1 Pin=*1-17
Removed Pin From Net: NetName=D4-1 Pin=*1-18
Removed Pin From Net: NetName=S10 Pin=*1-19
Removed Pin From Net: NetName=S4 Pin=*1-20
Removed Pin From Net: NetName=D10-2 Pin=*1-21
Removed Pin From Net: NetName=TG4 Pin=*1-22
Removed Pin From Net: NetName=D11-1 Pin=*1-23
Removed Pin From Net: NetName=D4-2 Pin=*1-24
Removed Pin From Net: NetName=S11 Pin=*1-25
Removed Pin From Net: NetName=D5-1 Pin=*1-26
Removed Pin From Net: NetName=D11-2 Pin=*1-27
Removed Pin From Net: NetName=S5 Pin=*1-28
Removed Pin From Net: NetName=D1-1 Pin=*1-29
Removed Pin From Net: NetName=D5-2 Pin=*1-30
Removed Pin From Net: NetName=S1 Pin=*1-31
Removed Pin From Net: NetName=D6-1 Pin=*1-32
Removed Pin From Net: NetName=SOL_G Pin=*1-33
Removed Pin From Net: NetName=S6 Pin=*1-34
Removed Pin From Net: NetName=GND Pin=*1-35
Removed Pin From Net: NetName=TG6 Pin=*1-36
Removed Pin From Net: NetName=GND Pin=*1-37
Removed Pin From Net: NetName=D6-2 Pin=*1-38
Removed Pin From Net: NetName=GND Pin=*1-39
Removed Pin From Net: NetName=D7-1 Pin=*1-40
Removed Member From Class: ClassName=read_out Member=*1
Added Component: Designator=*(SAMTEC_HSEC8-120-01-L-RA)
Added Pin To Net: NetName=S7 Pin=*-1
Added Pin To Net: NetName=BG Pin=*-2
Added Pin To Net: NetName=D7-2 Pin=*-3
Added Pin To Net: NetName=D1-2 Pin=*-4
Added Pin To Net: NetName=D8-1 Pin=*-5
Added Pin To Net: NetName=D2-1 Pin=*-6
Added Pin To Net: NetName=S8 Pin=*-7
Added Pin To Net: NetName=S2 Pin=*-8
Added Pin To Net: NetName=D8-2 Pin=*-9
Added Pin To Net: NetName=D2-2 Pin=*-10
Added Pin To Net: NetName=D9-1 Pin=*-11
Added Pin To Net: NetName=D3-1 Pin=*-12
Added Pin To Net: NetName=S9 Pin=*-13
Added Pin To Net: NetName=S3 Pin=*-14
Added Pin To Net: NetName=D9-2 Pin=*-15
Added Pin To Net: NetName=D3-2 Pin=*-16
Added Pin To Net: NetName=D10-1 Pin=*-17
Added Pin To Net: NetName=D4-1 Pin=*-18
Added Pin To Net: NetName=S10 Pin=*-19
Added Pin To Net: NetName=S4 Pin=*-20
Added Pin To Net: NetName=D10-2 Pin=*-21
Added Pin To Net: NetName=TG4 Pin=*-22
Added Pin To Net: NetName=D11-1 Pin=*-23
Added Pin To Net: NetName=D4-2 Pin=*-24
Added Pin To Net: NetName=S11 Pin=*-25
Added Pin To Net: NetName=D5-1 Pin=*-26
Added Pin To Net: NetName=D11-2 Pin=*-27
Added Pin To Net: NetName=S5 Pin=*-28
Added Pin To Net: NetName=D1-1 Pin=*-29
Added Pin To Net: NetName=D5-2 Pin=*-30
Added Pin To Net: NetName=S1 Pin=*-31
Added Pin To Net: NetName=D6-1 Pin=*-32
Added Pin To Net: NetName=SOL_G Pin=*-33
Added Pin To Net: NetName=S6 Pin=*-34
Added Pin To Net: NetName=GND Pin=*-35
Added Pin To Net: NetName=TG6 Pin=*-36
Added Pin To Net: NetName=GND Pin=*-37
Added Pin To Net: NetName=D6-2 Pin=*-38
Added Pin To Net: NetName=GND Pin=*-39
Added Pin To Net: NetName=D7-1 Pin=*-40
Added Member To Class: ClassName=read_out Member=Component * HSEC8-120-01-S-RA-TR
