Removed Pin From Net: NetName=GND Pin=2VDXE1-2
Removed Pin From Net: NetName=GND Pin=2VDXE1-3
Removed Pin From Net: NetName=GND Pin=2VDXE1-4
Removed Pin From Net: NetName=GND Pin=2VDXE1-5
Removed Pin From Net: NetName=GND Pin=2VDXE2-2
Removed Pin From Net: NetName=GND Pin=2VDXE2-3
Removed Pin From Net: NetName=GND Pin=2VDXE2-4
Removed Pin From Net: NetName=GND Pin=2VDXE2-5
Removed Pin From Net: NetName=-5 Pin=B27-4
Removed Pin From Net: NetName=+5 Pin=B27-7
Removed Pin From Net: NetName=-5 Pin=B28-4
Removed Pin From Net: NetName=+5 Pin=B28-8
Removed Pin From Net: NetName=-5 Pin=B29-4
Removed Pin From Net: NetName=+5 Pin=B29-7
Removed Pin From Net: NetName=-5 Pin=B30-4
Removed Pin From Net: NetName=+5 Pin=B30-8
Removed Pin From Net: NetName=GND Pin=C31-2
Removed Pin From Net: NetName=GND Pin=C33-2
Removed Pin From Net: NetName=GND Pin=E1-2
Removed Pin From Net: NetName=GND Pin=E1-3
Removed Pin From Net: NetName=GND Pin=E1-4
Removed Pin From Net: NetName=GND Pin=E1-5
Removed Pin From Net: NetName=GND Pin=E1_IN-2
Removed Pin From Net: NetName=GND Pin=E1_IN-3
Removed Pin From Net: NetName=GND Pin=E1_IN-4
Removed Pin From Net: NetName=GND Pin=E1_IN-5
Removed Pin From Net: NetName=GND Pin=E2_IN-2
Removed Pin From Net: NetName=GND Pin=E2_IN-3
Removed Pin From Net: NetName=GND Pin=E2_IN-4
Removed Pin From Net: NetName=GND Pin=E2_IN-5
Removed Pin From Net: NetName=GND Pin=E2_OUT-2
Removed Pin From Net: NetName=GND Pin=E2_OUT-3
Removed Pin From Net: NetName=GND Pin=E2_OUT-4
Removed Pin From Net: NetName=GND Pin=E2_OUT-5
Removed Pin From Net: NetName=GND Pin=LPF_E1_OUT-2
Removed Pin From Net: NetName=GND Pin=LPF_E1_OUT-3
Removed Pin From Net: NetName=GND Pin=LPF_E1_OUT-4
Removed Pin From Net: NetName=GND Pin=LPF_E1_OUT-5
Removed Pin From Net: NetName=GND Pin=LPF_E2_OUT-2
Removed Pin From Net: NetName=GND Pin=LPF_E2_OUT-3
Removed Pin From Net: NetName=GND Pin=LPF_E2_OUT-4
Removed Pin From Net: NetName=GND Pin=LPF_E2_OUT-5
Removed Pin From Net: NetName=GND Pin=R11-1
Removed Pin From Net: NetName=GND Pin=R16-1
Removed Pin From Net: NetName=GND Pin=TIA_E1_OUT-2
Removed Pin From Net: NetName=GND Pin=TIA_E1_OUT-3
Removed Pin From Net: NetName=GND Pin=TIA_E1_OUT-4
Removed Pin From Net: NetName=GND Pin=TIA_E1_OUT-5
Removed Pin From Net: NetName=GND Pin=TIA_E2_OUT-2
Removed Pin From Net: NetName=GND Pin=TIA_E2_OUT-3
Removed Pin From Net: NetName=GND Pin=TIA_E2_OUT-4
Removed Pin From Net: NetName=GND Pin=TIA_E2_OUT-5
Removed Pin From Net: NetName=GND Pin=VD_E1-2
Removed Pin From Net: NetName=GND Pin=VD_E1-3
Removed Pin From Net: NetName=GND Pin=VD_E1-4
Removed Pin From Net: NetName=GND Pin=VD_E1-5
Removed Pin From Net: NetName=GND Pin=VD_E2-2
Removed Pin From Net: NetName=GND Pin=VD_E2-3
Removed Pin From Net: NetName=GND Pin=VD_E2-4
Removed Pin From Net: NetName=GND Pin=VD_E2-5
Removed Member From Class: ClassName=gate Member=B27
Removed Member From Class: ClassName=gate Member=B28
Removed Member From Class: ClassName=gate Member=B29
Removed Member From Class: ClassName=gate Member=B30
Removed Member From Class: ClassName=gate Member=C30
Removed Member From Class: ClassName=gate Member=C31
Removed Member From Class: ClassName=gate Member=C32
Removed Member From Class: ClassName=gate Member=C33
Removed Member From Class: ClassName=gate Member=E1
Removed Member From Class: ClassName=gate Member=E2_IN
Removed Member From Class: ClassName=gate Member=LPF_E1_OUT
Removed Member From Class: ClassName=gate Member=R7
Removed Member From Class: ClassName=gate Member=R8
Removed Member From Class: ClassName=gate Member=R9
Removed Member From Class: ClassName=gate Member=R10
Removed Member From Class: ClassName=gate Member=R11
Removed Member From Class: ClassName=gate Member=R12
Removed Member From Class: ClassName=gate Member=R13
Removed Member From Class: ClassName=gate Member=R14
Removed Member From Class: ClassName=gate Member=R15
Removed Member From Class: ClassName=gate Member=R16
Removed Member From Class: ClassName=gate Member=TIA_E1_OUT
Removed Member From Class: ClassName=gate Member=TIA_E2_OUT
Removed Member From Class: ClassName=gate Member=VD_E1
Removed Member From Class: ClassName=gate Member=VD_E2
Removed Member From Class: ClassName=gate Member=X29
Removed Member From Class: ClassName=gate Member=X30
