Change Footprint: Footprint Not Found PCBComponent_1
Change Component Description : Designator=C7 Old Description=10p New Description=
Change Component Description : Designator=C8 Old Description=10p New Description=
Change Component Description : Designator=C9 Old Description=10p New Description=
Change Component Description : Designator=C10 Old Description=10p New Description=
Change Component Description : Designator=C11 Old Description=10p New Description=
Change Component Description : Designator=C12 Old Description=10p New Description=
Change Component Description : Designator=C13 Old Description=10p New Description=
Change Component Description : Designator=C14 Old Description=10p New Description=
Change Component Description : Designator=C15 Old Description=10p New Description=
Change Component Description : Designator=C16 Old Description=10p New Description=
Change Component Description : Designator=C17 Old Description=10p New Description=
Change Component Description : Designator=C18 Old Description=10p New Description=
Change Component Description : Designator=C19 Old Description=10p New Description=
Change Component Description : Designator=C20 Old Description=10p New Description=
Change Component Description : Designator=C21 Old Description=10p New Description=
Change Component Description : Designator=C22 Old Description=10p New Description=
Change Component Description : Designator=C23 Old Description=10p New Description=
Change Component Description : Designator=C24 Old Description=10p New Description=
Change Component Description : Designator=C26 Old Description=10p New Description=
Change Component Description : Designator=C27 Old Description=10p New Description=
Change Component Description : Designator=C28 Old Description=10p New Description=
Change Component Description : Designator=C29 Old Description=10p New Description=
Change Component Description : Designator=C30 Old Description=10p New Description=
Change Component Description : Designator=C31 Old Description=10p New Description=
Change Component Description : Designator=C32 Old Description=10p New Description=
Change Component Description : Designator=C33 Old Description=10p New Description=
Change Component Description : Designator=C34 Old Description=10p New Description=
Change Component Description : Designator=C35 Old Description=10p New Description=
Change Component Description : Designator=C36 Old Description=10p New Description=
Change Component Description : Designator=C37 Old Description=10p New Description=
Change Component Description : Designator=C38 Old Description=10p New Description=
Change Component Description : Designator=C39 Old Description=10p New Description=
Change Component Description : Designator=C40 Old Description=10p New Description=
Change Component Description : Designator=C41 Old Description=10p New Description=
Added Room: Name=Amplify2
Added Room: Name=Amplify3
Added Room: Name=Amplify
Added Room: Name=gate
Added Room: Name=MCU
Added Room: Name=read_out
