Removed Pin From Net: NetName=GND Pin=R4-1
Removed Pin From Net: NetName=Net-5V_REG_7 Pin=R5-1
Removed Pin From Net: NetName=NetB28_6 Pin=R8-1
Removed Pin From Net: NetName=NetB28_2 Pin=R9-1
Removed Pin From Net: NetName=NetB28_7 Pin=R10-1
Removed Pin From Net: NetName=GND Pin=R11-1
Removed Pin From Net: NetName=NetB30_6 Pin=R13-1
Removed Pin From Net: NetName=NetB30_2 Pin=R14-1
Removed Pin From Net: NetName=NetB30_7 Pin=R15-1
Removed Pin From Net: NetName=GND Pin=R16-1
Removed Pin From Net: NetName=NetB32_6 Pin=R18-1
Removed Pin From Net: NetName=NetB32_2 Pin=R19-1
Removed Pin From Net: NetName=NetB32_7 Pin=R20-1
Removed Pin From Net: NetName=GND Pin=R21-1
Removed Pin From Net: NetName=NetB34_6 Pin=R23-1
Removed Pin From Net: NetName=NetB34_2 Pin=R24-1
Removed Pin From Net: NetName=NetB34_7 Pin=R25-1
Removed Pin From Net: NetName=GND Pin=R26-1
Removed Pin From Net: NetName=NetB36_6 Pin=R28-1
Removed Pin From Net: NetName=NetB36_2 Pin=R29-1
Removed Pin From Net: NetName=NetB36_7 Pin=R30-1
Removed Pin From Net: NetName=GND Pin=R31-1
Removed Pin From Net: NetName=NetB38_6 Pin=R33-1
Removed Pin From Net: NetName=NetB38_2 Pin=R34-1
Removed Pin From Net: NetName=NetB38_7 Pin=R35-1
Removed Pin From Net: NetName=GND Pin=R36-1
Removed Pin From Net: NetName=NetB2_6 Pin=R40-1
Removed Pin From Net: NetName=NetB2_2 Pin=R41-1
Removed Pin From Net: NetName=NetB2_7 Pin=R42-1
Removed Pin From Net: NetName=GND Pin=R43-1
Removed Pin From Net: NetName=NetB4_6 Pin=R45-1
Removed Pin From Net: NetName=NetB4_2 Pin=R46-1
Removed Pin From Net: NetName=NetB4_7 Pin=R47-1
Removed Pin From Net: NetName=GND Pin=R48-1
Removed Pin From Net: NetName=NetB6_6 Pin=R50-1
Removed Pin From Net: NetName=NetB6_2 Pin=R51-1
Removed Pin From Net: NetName=NetB6_7 Pin=R52-1
Removed Pin From Net: NetName=GND Pin=R53-1
Removed Pin From Net: NetName=NetB8_6 Pin=R55-1
Removed Pin From Net: NetName=NetB8_2 Pin=R56-1
Removed Pin From Net: NetName=NetB8_7 Pin=R57-1
Removed Pin From Net: NetName=GND Pin=R58-1
Removed Pin From Net: NetName=NetB10_6 Pin=R60-1
Removed Pin From Net: NetName=NetB10_2 Pin=R61-1
Removed Pin From Net: NetName=NetB10_7 Pin=R62-1
Removed Pin From Net: NetName=GND Pin=R63-1
Removed Pin From Net: NetName=NetB12_6 Pin=R65-1
Removed Pin From Net: NetName=NetB12_2 Pin=R66-1
Removed Pin From Net: NetName=NetB12_7 Pin=R67-1
Removed Pin From Net: NetName=GND Pin=R68-1
Removed Pin From Net: NetName=NetB15_6 Pin=R70-1
Removed Pin From Net: NetName=NetB16_6 Pin=R72-1
Removed Pin From Net: NetName=NetB15_2 Pin=R73-1
Removed Pin From Net: NetName=NetB16_2 Pin=R74-1
Removed Pin From Net: NetName=NetB15_7 Pin=R75-1
Removed Pin From Net: NetName=GND Pin=R76-1
Removed Pin From Net: NetName=NetB16_7 Pin=R77-1
Removed Pin From Net: NetName=GND Pin=R78-1
Removed Pin From Net: NetName=NetB19_6 Pin=R80-1
Removed Pin From Net: NetName=NetB20_6 Pin=R82-1
Removed Pin From Net: NetName=NetB19_2 Pin=R83-1
Removed Pin From Net: NetName=NetB20_2 Pin=R84-1
Removed Pin From Net: NetName=NetB19_7 Pin=R85-1
Removed Pin From Net: NetName=GND Pin=R86-1
Removed Pin From Net: NetName=NetB20_7 Pin=R87-1
Removed Pin From Net: NetName=GND Pin=R88-1
Removed Pin From Net: NetName=NetB22_6 Pin=R90-1
Removed Pin From Net: NetName=NetB22_2 Pin=R91-1
Removed Pin From Net: NetName=NetB22_7 Pin=R92-1
Removed Pin From Net: NetName=GND Pin=R93-1
Removed Pin From Net: NetName=Net-5V_REG_3 Pin=Rpu1-1
Added Component: Designator=R4(resistor)
Add Pin To Net: Unknown Pin: Pin R1-
Add Pin To Net: Unknown Pin: Pin R2-
Add Pin To Net: Unknown Pin: Pin R3-
Add Pin To Net: Unknown Pin: Pin R4-
Add Pin To Net: Unknown Pin: Pin R4-
Add Pin To Net: Unknown Pin: Pin R5-
Add Pin To Net: Unknown Pin: Pin R5-
Add Pin To Net: Unknown Pin: Pin R6-
Add Pin To Net: Unknown Pin: Pin R7-
Add Pin To Net: Unknown Pin: Pin R8-
Add Pin To Net: Unknown Pin: Pin R8-
Add Pin To Net: Unknown Pin: Pin R9-
Add Pin To Net: Unknown Pin: Pin R9-
Add Pin To Net: Unknown Pin: Pin R10-
Add Pin To Net: Unknown Pin: Pin R10-
Add Pin To Net: Unknown Pin: Pin R11-
Add Pin To Net: Unknown Pin: Pin R11-
Add Pin To Net: Unknown Pin: Pin R12-
Add Pin To Net: Unknown Pin: Pin R13-
Add Pin To Net: Unknown Pin: Pin R13-
Add Pin To Net: Unknown Pin: Pin R14-
Add Pin To Net: Unknown Pin: Pin R14-
Add Pin To Net: Unknown Pin: Pin R15-
Add Pin To Net: Unknown Pin: Pin R15-
Add Pin To Net: Unknown Pin: Pin R16-
Add Pin To Net: Unknown Pin: Pin R16-
Add Pin To Net: Unknown Pin: Pin R17-
Add Pin To Net: Unknown Pin: Pin R18-
Add Pin To Net: Unknown Pin: Pin R18-
Add Pin To Net: Unknown Pin: Pin R19-
Add Pin To Net: Unknown Pin: Pin R19-
Add Pin To Net: Unknown Pin: Pin R20-
Add Pin To Net: Unknown Pin: Pin R20-
Add Pin To Net: Unknown Pin: Pin R21-
Add Pin To Net: Unknown Pin: Pin R21-
Add Pin To Net: Unknown Pin: Pin R22-
Add Pin To Net: Unknown Pin: Pin R23-
Add Pin To Net: Unknown Pin: Pin R23-
Add Pin To Net: Unknown Pin: Pin R24-
Add Pin To Net: Unknown Pin: Pin R24-
Add Pin To Net: Unknown Pin: Pin R25-
Add Pin To Net: Unknown Pin: Pin R25-
Add Pin To Net: Unknown Pin: Pin R26-
Add Pin To Net: Unknown Pin: Pin R26-
Add Pin To Net: Unknown Pin: Pin R27-
Add Pin To Net: Unknown Pin: Pin R28-
Add Pin To Net: Unknown Pin: Pin R28-
Add Pin To Net: Unknown Pin: Pin R29-
Add Pin To Net: Unknown Pin: Pin R29-
Add Pin To Net: Unknown Pin: Pin R30-
Add Pin To Net: Unknown Pin: Pin R30-
Add Pin To Net: Unknown Pin: Pin R31-
Add Pin To Net: Unknown Pin: Pin R31-
Add Pin To Net: Unknown Pin: Pin R32-
Add Pin To Net: Unknown Pin: Pin R33-
Add Pin To Net: Unknown Pin: Pin R33-
Add Pin To Net: Unknown Pin: Pin R34-
Add Pin To Net: Unknown Pin: Pin R34-
Add Pin To Net: Unknown Pin: Pin R35-
Add Pin To Net: Unknown Pin: Pin R35-
Add Pin To Net: Unknown Pin: Pin R36-
Add Pin To Net: Unknown Pin: Pin R36-
Add Pin To Net: Unknown Pin: Pin R37-
Add Pin To Net: Unknown Pin: Pin R37-
Add Pin To Net: Unknown Pin: Pin R39-
Add Pin To Net: Unknown Pin: Pin R40-
Add Pin To Net: Unknown Pin: Pin R40-
Add Pin To Net: Unknown Pin: Pin R41-
Add Pin To Net: Unknown Pin: Pin R41-
Add Pin To Net: Unknown Pin: Pin R42-
Add Pin To Net: Unknown Pin: Pin R42-
Add Pin To Net: Unknown Pin: Pin R43-
Add Pin To Net: Unknown Pin: Pin R43-
Add Pin To Net: Unknown Pin: Pin R44-
Add Pin To Net: Unknown Pin: Pin R45-
Add Pin To Net: Unknown Pin: Pin R45-
Add Pin To Net: Unknown Pin: Pin R46-
Add Pin To Net: Unknown Pin: Pin R46-
Add Pin To Net: Unknown Pin: Pin R47-
Add Pin To Net: Unknown Pin: Pin R47-
Add Pin To Net: Unknown Pin: Pin R48-
Add Pin To Net: Unknown Pin: Pin R48-
Add Pin To Net: Unknown Pin: Pin R49-
Add Pin To Net: Unknown Pin: Pin R50-
Add Pin To Net: Unknown Pin: Pin R50-
Add Pin To Net: Unknown Pin: Pin R51-
Add Pin To Net: Unknown Pin: Pin R51-
Add Pin To Net: Unknown Pin: Pin R52-
Add Pin To Net: Unknown Pin: Pin R52-
Add Pin To Net: Unknown Pin: Pin R53-
Add Pin To Net: Unknown Pin: Pin R53-
Add Pin To Net: Unknown Pin: Pin R54-
Add Pin To Net: Unknown Pin: Pin R55-
Add Pin To Net: Unknown Pin: Pin R56-
Add Pin To Net: Unknown Pin: Pin R56-
Add Pin To Net: Unknown Pin: Pin R57-
Add Pin To Net: Unknown Pin: Pin R57-
Add Pin To Net: Unknown Pin: Pin R58-
Add Pin To Net: Unknown Pin: Pin R58-
Add Pin To Net: Unknown Pin: Pin R59-
Add Pin To Net: Unknown Pin: Pin R60-
Add Pin To Net: Unknown Pin: Pin R60-
Add Pin To Net: Unknown Pin: Pin R61-
Add Pin To Net: Unknown Pin: Pin R61-
Add Pin To Net: Unknown Pin: Pin R62-
Add Pin To Net: Unknown Pin: Pin R62-
Add Pin To Net: Unknown Pin: Pin R63-
Add Pin To Net: Unknown Pin: Pin R63-
Add Pin To Net: Unknown Pin: Pin R64-
Add Pin To Net: Unknown Pin: Pin R65-
Add Pin To Net: Unknown Pin: Pin R65-
Add Pin To Net: Unknown Pin: Pin R66-
Add Pin To Net: Unknown Pin: Pin R66-
Add Pin To Net: Unknown Pin: Pin R67-
Add Pin To Net: Unknown Pin: Pin R67-
Add Pin To Net: Unknown Pin: Pin R68-
Add Pin To Net: Unknown Pin: Pin R68-
Add Pin To Net: Unknown Pin: Pin R69-
Add Pin To Net: Unknown Pin: Pin R70-
Add Pin To Net: Unknown Pin: Pin R70-
Add Pin To Net: Unknown Pin: Pin R71-
Add Pin To Net: Unknown Pin: Pin R72-
Add Pin To Net: Unknown Pin: Pin R72-
Add Pin To Net: Unknown Pin: Pin R73-
Add Pin To Net: Unknown Pin: Pin R73-
Add Pin To Net: Unknown Pin: Pin R74-
Add Pin To Net: Unknown Pin: Pin R74-
Add Pin To Net: Unknown Pin: Pin R75-
Add Pin To Net: Unknown Pin: Pin R75-
Add Pin To Net: Unknown Pin: Pin R76-
Add Pin To Net: Unknown Pin: Pin R76-
Add Pin To Net: Unknown Pin: Pin R77-
Add Pin To Net: Unknown Pin: Pin R77-
Add Pin To Net: Unknown Pin: Pin R78-
Add Pin To Net: Unknown Pin: Pin R78-
Add Pin To Net: Unknown Pin: Pin R79-
Add Pin To Net: Unknown Pin: Pin R80-
Add Pin To Net: Unknown Pin: Pin R80-
Add Pin To Net: Unknown Pin: Pin R81-
Add Pin To Net: Unknown Pin: Pin R82-
Add Pin To Net: Unknown Pin: Pin R82-
Add Pin To Net: Unknown Pin: Pin R83-
Add Pin To Net: Unknown Pin: Pin R83-
Add Pin To Net: Unknown Pin: Pin R84-
Add Pin To Net: Unknown Pin: Pin R84-
Add Pin To Net: Unknown Pin: Pin R85-
Add Pin To Net: Unknown Pin: Pin R85-
Add Pin To Net: Unknown Pin: Pin R86-
Add Pin To Net: Unknown Pin: Pin R86-
Add Pin To Net: Unknown Pin: Pin R87-
Add Pin To Net: Unknown Pin: Pin R87-
Add Pin To Net: Unknown Pin: Pin R88-
Add Pin To Net: Unknown Pin: Pin R88-
Add Pin To Net: Unknown Pin: Pin R89-
Add Pin To Net: Unknown Pin: Pin R90-
Add Pin To Net: Unknown Pin: Pin R90-
Add Pin To Net: Unknown Pin: Pin R91-
Add Pin To Net: Unknown Pin: Pin R91-
Add Pin To Net: Unknown Pin: Pin R92-
Add Pin To Net: Unknown Pin: Pin R92-
Add Pin To Net: Unknown Pin: Pin R93-
Add Pin To Net: Unknown Pin: Pin R93-
Add Pin To Net: Unknown Pin: Pin Rpu1-
Added Pin To Net: NetName=Net-5V_REG_1 Pin=-5V_REG-1
Added Net: Name=Net-5V_REG_1
Added Pin To Net: NetName=NetBG_1 Pin=BG-1
Added Net: Name=NetBG_1
Added Pin To Net: NetName=NetC13_2 Pin=C13-2
Added Net: Name=NetC13_2
Added Pin To Net: NetName=NetR1 Pin=SOL_G-1
Added Net: Name=NetR1
Added Pin To Net: NetName=NetR3 Pin=TG1-1
Added Net: Name=NetR3
Added Pin To Net: NetName=NetR6 Pin=TG2-1
Added Net: Name=NetR6
Added Pin To Net: NetName=NetR7 Pin=X29-1
Added Net: Name=NetR7
Added Pin To Net: NetName=NetR12 Pin=X30-1
Added Net: Name=NetR12
Added Pin To Net: NetName=NetR17 Pin=X12-1
Added Net: Name=NetR17
Added Pin To Net: NetName=NetR22 Pin=X13-1
Added Net: Name=NetR22
Added Pin To Net: NetName=NetR27 Pin=X14-1
Added Net: Name=NetR27
Added Pin To Net: NetName=NetR32 Pin=X15-1
Added Net: Name=NetR32
Added Pin To Net: NetName=NetR39 Pin=X1-1
Added Net: Name=NetR39
Added Pin To Net: NetName=NetR44 Pin=X2-1
Added Net: Name=NetR44
Added Pin To Net: NetName=NetR49 Pin=X3-1
Added Net: Name=NetR49
Added Pin To Net: NetName=NetR54 Pin=X4-1
Added Net: Name=NetR54
Added Pin To Net: NetName=NetR59 Pin=X5-1
Added Net: Name=NetR59
Added Pin To Net: NetName=NetR64 Pin=X6-1
Added Net: Name=NetR64
Added Pin To Net: NetName=NetR69 Pin=X7-1
Added Net: Name=NetR69
Added Pin To Net: NetName=NetR71 Pin=X8-1
Added Net: Name=NetR71
Added Pin To Net: NetName=NetR79 Pin=X9-1
Added Net: Name=NetR79
Added Pin To Net: NetName=NetR81 Pin=X10-1
Added Net: Name=NetR81
Added Pin To Net: NetName=NetR89 Pin=X11-1
Added Net: Name=NetR89
Added Room: Name=Amplify2
Added Room: Name=Amplify3
Added Room: Name=Amplify
Added Room: Name=gate
Added Room: Name=MCU
Added Room: Name=read_out
