Removed Pin From Net: NetName=D1-2 Pin=MUX1-2/6-2-1
Removed Pin From Net: NetName=D6-2 Pin=MUX1-2/6-2-2
Removed Pin From Net: NetName=GND Pin=MUX1-2/6-2-3
Removed Pin From Net: NetName=GND Pin=MUX1-2/6-2-4
Removed Pin From Net: NetName=NetB39_48 Pin=MUX1-2/6-2-5
Removed Pin From Net: NetName=NetB39_1 Pin=MUX1-2/6-2-6
Removed Pin From Net: NetName=NetB4_6 Pin=MUX1-2/6-2-7
Removed Pin From Net: NetName=+5 Pin=MUX1-2/6-2-8
Removed Pin From Net: NetName=D2-1 Pin=MUX2-1/7-1-1
Removed Pin From Net: NetName=D7-1 Pin=MUX2-1/7-1-2
Removed Pin From Net: NetName=GND Pin=MUX2-1/7-1-3
Removed Pin From Net: NetName=GND Pin=MUX2-1/7-1-4
Removed Pin From Net: NetName=TMS Pin=MUX2-1/7-1-5
Removed Pin From Net: NetName=TCK Pin=MUX2-1/7-1-6
Removed Pin From Net: NetName=NetB6_6 Pin=MUX2-1/7-1-7
Removed Pin From Net: NetName=+5 Pin=MUX2-1/7-1-8
Removed Pin From Net: NetName=D2-2 Pin=MUX2-2/7-2-1
Removed Pin From Net: NetName=D7-2 Pin=MUX2-2/7-2-2
Removed Pin From Net: NetName=GND Pin=MUX2-2/7-2-3
Removed Pin From Net: NetName=GND Pin=MUX2-2/7-2-4
Removed Pin From Net: NetName=TDO Pin=MUX2-2/7-2-5
Removed Pin From Net: NetName=TDI Pin=MUX2-2/7-2-6
Removed Pin From Net: NetName=NetB8_6 Pin=MUX2-2/7-2-7
Removed Pin From Net: NetName=+5 Pin=MUX2-2/7-2-8
Removed Pin From Net: NetName=D3-1 Pin=MUX3-1/8-1-1
Removed Pin From Net: NetName=D8-1 Pin=MUX3-1/8-1-2
Removed Pin From Net: NetName=GND Pin=MUX3-1/8-1-3
Removed Pin From Net: NetName=GND Pin=MUX3-1/8-1-4
Removed Pin From Net: NetName=NetB39_29 Pin=MUX3-1/8-1-5
Removed Pin From Net: NetName=NetB39_30 Pin=MUX3-1/8-1-6
Removed Pin From Net: NetName=NetB10_6 Pin=MUX3-1/8-1-7
Removed Pin From Net: NetName=+5 Pin=MUX3-1/8-1-8
Removed Pin From Net: NetName=D3-2 Pin=MUX3-2/8-2-1
Removed Pin From Net: NetName=D8-2 Pin=MUX3-2/8-2-2
Removed Pin From Net: NetName=GND Pin=MUX3-2/8-2-3
Removed Pin From Net: NetName=GND Pin=MUX3-2/8-2-4
Removed Pin From Net: NetName=NetB39_27 Pin=MUX3-2/8-2-5
Removed Pin From Net: NetName=NetB39_28 Pin=MUX3-2/8-2-6
Removed Pin From Net: NetName=NetB12_6 Pin=MUX3-2/8-2-7
Removed Pin From Net: NetName=+5 Pin=MUX3-2/8-2-8
Removed Pin From Net: NetName=D4-1 Pin=MUX4-1/9-1-1
Removed Pin From Net: NetName=D9-1 Pin=MUX4-1/9-1-2
Removed Pin From Net: NetName=GND Pin=MUX4-1/9-1-3
Removed Pin From Net: NetName=GND Pin=MUX4-1/9-1-4
Removed Pin From Net: NetName=NetB39_10 Pin=MUX4-1/9-1-5
Removed Pin From Net: NetName=NetB39_11 Pin=MUX4-1/9-1-6
Removed Pin From Net: NetName=NetB15_6 Pin=MUX4-1/9-1-7
Removed Pin From Net: NetName=+5 Pin=MUX4-1/9-1-8
Removed Pin From Net: NetName=D4-2 Pin=MUX4-2/9-2-1
Removed Pin From Net: NetName=D9-2 Pin=MUX4-2/9-2-2
Removed Pin From Net: NetName=GND Pin=MUX4-2/9-2-3
Removed Pin From Net: NetName=GND Pin=MUX4-2/9-2-4
Removed Pin From Net: NetName=NetB39_8 Pin=MUX4-2/9-2-5
Removed Pin From Net: NetName=NetB39_9 Pin=MUX4-2/9-2-6
Removed Pin From Net: NetName=NetB20_6 Pin=MUX4-2/9-2-7
Removed Pin From Net: NetName=+5 Pin=MUX4-2/9-2-8
Removed Pin From Net: NetName=D10-1 Pin=MUX10-1/11-2/5-1-1
Removed Pin From Net: NetName=D11-1 Pin=MUX10-1/11-2/5-1-2
Removed Pin From Net: NetName=D5-1 Pin=MUX10-1/11-2/5-1-3
Removed Pin From Net: NetName=GND Pin=MUX10-1/11-2/5-1-4
Removed Pin From Net: NetName=NetB39_46 Pin=MUX10-1/11-2/5-1-5
Removed Pin From Net: NetName=NetB39_47 Pin=MUX10-1/11-2/5-1-6
Removed Pin From Net: NetName=NetB16_6 Pin=MUX10-1/11-2/5-1-7
Removed Pin From Net: NetName=+5 Pin=MUX10-1/11-2/5-1-8
Removed Pin From Net: NetName=D10-2 Pin=MUX10-2/11-2/5-2-1
Removed Pin From Net: NetName=D11-2 Pin=MUX10-2/11-2/5-2-2
Removed Pin From Net: NetName=D5-2 Pin=MUX10-2/11-2/5-2-3
Removed Pin From Net: NetName=GND Pin=MUX10-2/11-2/5-2-4
Removed Pin From Net: NetName=NetB39_44 Pin=MUX10-2/11-2/5-2-5
Removed Pin From Net: NetName=NetB39_45 Pin=MUX10-2/11-2/5-2-6
Removed Pin From Net: NetName=NetB19_6 Pin=MUX10-2/11-2/5-2-7
Removed Pin From Net: NetName=+5 Pin=MUX10-2/11-2/5-2-8
Removed Member From Class: ClassName=read_out Member=MUX1-2/6-2
Removed Member From Class: ClassName=read_out Member=MUX2-1/7-1
Removed Member From Class: ClassName=read_out Member=MUX2-2/7-2
Removed Member From Class: ClassName=read_out Member=MUX3-1/8-1
Removed Member From Class: ClassName=read_out Member=MUX3-2/8-2
Removed Member From Class: ClassName=read_out Member=MUX4-1/9-1
Removed Member From Class: ClassName=read_out Member=MUX4-2/9-2
Removed Member From Class: ClassName=read_out Member=MUX10-1/11-2/5-1
Removed Member From Class: ClassName=read_out Member=MUX10-2/11-2/5-2
