Added Pin To Net: NetName=SOL_G Pin=R1-2
Added Pin To Net: NetName=NetBG_1 Pin=R2-1
Added Pin To Net: NetName=BG Pin=R2-2
Added Pin To Net: NetName=TG4 Pin=R3-2
Added Pin To Net: NetName=Net-5V_REG_7 Pin=R4-1
Added Pin To Net: NetName=GND Pin=R4-2
Added Pin To Net: NetName=Net-5V_REG_7 Pin=R5-1
Added Pin To Net: NetName=Net-5V_REG_6 Pin=R5-2
Added Pin To Net: NetName=TG6 Pin=R6-2
Added Pin To Net: NetName=NetB28_6 Pin=R7-2
Added Pin To Net: NetName=NetB28_6 Pin=R8-1
Added Pin To Net: NetName=NetB28_7 Pin=R8-2
Added Pin To Net: NetName=NetB28_2 Pin=R9-1
Added Pin To Net: NetName=NetB28_1 Pin=R9-2
Added Pin To Net: NetName=NetB28_7 Pin=R10-1
Added Pin To Net: NetName=NetB27_3 Pin=R10-2
Added Pin To Net: NetName=GND Pin=R11-1
Added Pin To Net: NetName=NetB28_2 Pin=R11-2
Added Pin To Net: NetName=NetB30_6 Pin=R12-2
Added Pin To Net: NetName=NetB30_6 Pin=R13-1
Added Pin To Net: NetName=NetB30_7 Pin=R13-2
Added Pin To Net: NetName=NetB30_2 Pin=R14-1
Added Pin To Net: NetName=NetB30_1 Pin=R14-2
Added Pin To Net: NetName=NetB30_7 Pin=R15-1
Added Pin To Net: NetName=NetB29_3 Pin=R15-2
Added Pin To Net: NetName=GND Pin=R16-1
Added Pin To Net: NetName=NetB30_2 Pin=R16-2
Added Pin To Net: NetName=NetB32_6 Pin=R17-2
Added Pin To Net: NetName=NetB32_6 Pin=R18-1
Added Pin To Net: NetName=NetB32_7 Pin=R18-2
Added Pin To Net: NetName=NetB32_2 Pin=R19-1
Added Pin To Net: NetName=NetB32_1 Pin=R19-2
Added Pin To Net: NetName=NetB32_7 Pin=R20-1
Added Pin To Net: NetName=NetB31_3 Pin=R20-2
Added Pin To Net: NetName=GND Pin=R21-1
Added Pin To Net: NetName=NetB32_2 Pin=R21-2
Added Pin To Net: NetName=NetB34_6 Pin=R22-2
Added Pin To Net: NetName=NetB34_6 Pin=R23-1
Added Pin To Net: NetName=NetB34_7 Pin=R23-2
Added Pin To Net: NetName=NetB34_2 Pin=R24-1
Added Pin To Net: NetName=NetB34_1 Pin=R24-2
Added Pin To Net: NetName=NetB34_7 Pin=R25-1
Added Pin To Net: NetName=NetB33_3 Pin=R25-2
Added Pin To Net: NetName=GND Pin=R26-1
Added Pin To Net: NetName=NetB34_2 Pin=R26-2
Added Pin To Net: NetName=NetB36_6 Pin=R27-2
Added Pin To Net: NetName=NetB36_6 Pin=R28-1
Added Pin To Net: NetName=NetB36_7 Pin=R28-2
Added Pin To Net: NetName=NetB36_2 Pin=R29-1
Added Pin To Net: NetName=NetB36_1 Pin=R29-2
Added Pin To Net: NetName=NetB36_7 Pin=R30-1
Added Pin To Net: NetName=NetB35_3 Pin=R30-2
Added Pin To Net: NetName=GND Pin=R31-1
Added Pin To Net: NetName=NetB36_2 Pin=R31-2
Added Pin To Net: NetName=NetB38_6 Pin=R32-2
Added Pin To Net: NetName=NetB38_6 Pin=R33-1
Added Pin To Net: NetName=NetB38_7 Pin=R33-2
Added Pin To Net: NetName=NetB38_2 Pin=R34-1
Added Pin To Net: NetName=NetB38_1 Pin=R34-2
Added Pin To Net: NetName=NetB38_7 Pin=R35-1
Added Pin To Net: NetName=NetB37_3 Pin=R35-2
Added Pin To Net: NetName=GND Pin=R36-1
Added Pin To Net: NetName=NetB38_2 Pin=R36-2
Added Pin To Net: NetName=Net3.3V_REG_1 Pin=R37-1
Added Pin To Net: NetName=NetB39_5 Pin=R37-2
Added Pin To Net: NetName=NetB2_6 Pin=R39-2
Added Pin To Net: NetName=NetB2_6 Pin=R40-1
Added Pin To Net: NetName=NetB2_7 Pin=R40-2
Added Pin To Net: NetName=NetB2_2 Pin=R41-1
Added Pin To Net: NetName=NetB2_1 Pin=R41-2
Added Pin To Net: NetName=NetB2_7 Pin=R42-1
Added Pin To Net: NetName=NetB1_3 Pin=R42-2
Added Pin To Net: NetName=GND Pin=R43-1
Added Pin To Net: NetName=NetB2_2 Pin=R43-2
Added Pin To Net: NetName=NetB4_6 Pin=R44-2
Added Pin To Net: NetName=NetB4_6 Pin=R45-1
Added Pin To Net: NetName=NetB4_7 Pin=R45-2
Added Pin To Net: NetName=NetB4_2 Pin=R46-1
Added Pin To Net: NetName=NetB4_1 Pin=R46-2
Added Pin To Net: NetName=NetB4_7 Pin=R47-1
Added Pin To Net: NetName=NetB3_3 Pin=R47-2
Added Pin To Net: NetName=GND Pin=R48-1
Added Pin To Net: NetName=NetB4_2 Pin=R48-2
Added Pin To Net: NetName=NetB6_6 Pin=R49-2
Added Pin To Net: NetName=NetB6_6 Pin=R50-1
Added Pin To Net: NetName=NetB6_7 Pin=R50-2
Added Pin To Net: NetName=NetB6_2 Pin=R51-1
Added Pin To Net: NetName=NetB6_1 Pin=R51-2
Added Pin To Net: NetName=NetB6_7 Pin=R52-1
Added Pin To Net: NetName=NetB5_3 Pin=R52-2
Added Pin To Net: NetName=GND Pin=R53-1
Added Pin To Net: NetName=NetB6_2 Pin=R53-2
Added Pin To Net: NetName=NetB8_6 Pin=R54-2
Added Pin To Net: NetName=NetB8_6 Pin=R55-1
Added Pin To Net: NetName=NetB8_7 Pin=R55-2
Added Pin To Net: NetName=NetB8_2 Pin=R56-1
Added Pin To Net: NetName=NetB8_1 Pin=R56-2
Added Pin To Net: NetName=NetB8_7 Pin=R57-1
Added Pin To Net: NetName=NetB7_3 Pin=R57-2
Added Pin To Net: NetName=GND Pin=R58-1
Added Pin To Net: NetName=NetB8_2 Pin=R58-2
Added Pin To Net: NetName=NetB10_6 Pin=R59-2
Added Pin To Net: NetName=NetB10_6 Pin=R60-1
Added Pin To Net: NetName=NetB10_7 Pin=R60-2
Added Pin To Net: NetName=NetB10_2 Pin=R61-1
Added Pin To Net: NetName=NetB10_1 Pin=R61-2
Added Pin To Net: NetName=NetB10_7 Pin=R62-1
Added Pin To Net: NetName=NetB9_3 Pin=R62-2
Added Pin To Net: NetName=GND Pin=R63-1
Added Pin To Net: NetName=NetB10_2 Pin=R63-2
Added Pin To Net: NetName=NetB12_6 Pin=R64-2
Added Pin To Net: NetName=NetB12_6 Pin=R65-1
Added Pin To Net: NetName=NetB12_7 Pin=R65-2
Added Pin To Net: NetName=NetB12_2 Pin=R66-1
Added Pin To Net: NetName=NetB12_1 Pin=R66-2
Added Pin To Net: NetName=NetB12_7 Pin=R67-1
Added Pin To Net: NetName=NetB11_3 Pin=R67-2
Added Pin To Net: NetName=GND Pin=R68-1
Added Pin To Net: NetName=NetB12_2 Pin=R68-2
Added Pin To Net: NetName=NetB15_6 Pin=R69-2
Added Pin To Net: NetName=NetB15_6 Pin=R70-1
Added Pin To Net: NetName=NetB15_7 Pin=R70-2
Added Pin To Net: NetName=NetB16_6 Pin=R71-2
Added Pin To Net: NetName=NetB16_6 Pin=R72-1
Added Pin To Net: NetName=NetB16_7 Pin=R72-2
Added Pin To Net: NetName=NetB15_2 Pin=R73-1
Added Pin To Net: NetName=NetB15_1 Pin=R73-2
Added Pin To Net: NetName=NetB16_2 Pin=R74-1
Added Pin To Net: NetName=NetB16_1 Pin=R74-2
Added Pin To Net: NetName=NetB15_7 Pin=R75-1
Added Pin To Net: NetName=NetB13_3 Pin=R75-2
Added Pin To Net: NetName=GND Pin=R76-1
Added Pin To Net: NetName=NetB15_2 Pin=R76-2
Added Pin To Net: NetName=NetB16_7 Pin=R77-1
Added Pin To Net: NetName=NetB14_3 Pin=R77-2
Added Pin To Net: NetName=GND Pin=R78-1
Added Pin To Net: NetName=NetB16_2 Pin=R78-2
Added Pin To Net: NetName=NetB19_6 Pin=R79-2
Added Pin To Net: NetName=NetB19_6 Pin=R80-1
Added Pin To Net: NetName=NetB19_7 Pin=R80-2
Added Pin To Net: NetName=NetB20_6 Pin=R81-2
Added Pin To Net: NetName=NetB20_6 Pin=R82-1
Added Pin To Net: NetName=NetB20_7 Pin=R82-2
Added Pin To Net: NetName=NetB19_2 Pin=R83-1
Added Pin To Net: NetName=NetB19_1 Pin=R83-2
Added Pin To Net: NetName=NetB20_2 Pin=R84-1
Added Pin To Net: NetName=NetB20_1 Pin=R84-2
Added Pin To Net: NetName=NetB19_7 Pin=R85-1
Added Pin To Net: NetName=NetB17_3 Pin=R85-2
Added Pin To Net: NetName=GND Pin=R86-1
Added Pin To Net: NetName=NetB19_2 Pin=R86-2
Added Pin To Net: NetName=NetB20_7 Pin=R87-1
Added Pin To Net: NetName=NetB18_3 Pin=R87-2
Added Pin To Net: NetName=GND Pin=R88-1
Added Pin To Net: NetName=NetB20_2 Pin=R88-2
Added Pin To Net: NetName=NetB22_6 Pin=R89-2
Added Pin To Net: NetName=NetB22_6 Pin=R90-1
Added Pin To Net: NetName=NetB22_7 Pin=R90-2
Added Pin To Net: NetName=NetB22_2 Pin=R91-1
Added Pin To Net: NetName=NetB22_1 Pin=R91-2
Added Pin To Net: NetName=NetB22_7 Pin=R92-1
Added Pin To Net: NetName=NetB21_3 Pin=R92-2
Added Pin To Net: NetName=GND Pin=R93-1
Added Pin To Net: NetName=NetB22_2 Pin=R93-2
Added Pin To Net: NetName=Net-5V_REG_3 Pin=Rpu1-1
Added Pin To Net: NetName=Net-5V_REG_1 Pin=Rpu1-2
Added Pin To Net: NetName=NetR1_1 Pin=R1-1
Added Pin To Net: NetName=NetR1_1 Pin=SOL_G-1
Added Net: Name=NetR1_1
Added Pin To Net: NetName=NetR3_1 Pin=R3-1
Added Pin To Net: NetName=NetR3_1 Pin=TG1-1
Added Net: Name=NetR3_1
Added Pin To Net: NetName=NetR6_1 Pin=R6-1
Added Pin To Net: NetName=NetR6_1 Pin=TG2-1
Added Net: Name=NetR6_1
Added Pin To Net: NetName=NetR7_1 Pin=R7-1
Added Pin To Net: NetName=NetR7_1 Pin=X29-1
Added Net: Name=NetR7_1
Added Pin To Net: NetName=NetR12_1 Pin=R12-1
Added Pin To Net: NetName=NetR12_1 Pin=X30-1
Added Net: Name=NetR12_1
Added Pin To Net: NetName=NetR17_1 Pin=R17-1
Added Pin To Net: NetName=NetR17_1 Pin=X12-1
Added Net: Name=NetR17_1
Added Pin To Net: NetName=NetR22_1 Pin=R22-1
Added Pin To Net: NetName=NetR22_1 Pin=X13-1
Added Net: Name=NetR22_1
Added Pin To Net: NetName=NetR27_1 Pin=R27-1
Added Pin To Net: NetName=NetR27_1 Pin=X14-1
Added Net: Name=NetR27_1
Added Pin To Net: NetName=NetR32_1 Pin=R32-1
Added Pin To Net: NetName=NetR32_1 Pin=X15-1
Added Net: Name=NetR32_1
Added Pin To Net: NetName=NetR39_1 Pin=R39-1
Added Pin To Net: NetName=NetR39_1 Pin=X1-1
Added Net: Name=NetR39_1
Added Pin To Net: NetName=NetR44_1 Pin=R44-1
Added Pin To Net: NetName=NetR44_1 Pin=X2-1
Added Net: Name=NetR44_1
Added Pin To Net: NetName=NetR49_1 Pin=R49-1
Added Pin To Net: NetName=NetR49_1 Pin=X3-1
Added Net: Name=NetR49_1
Added Pin To Net: NetName=NetR54_1 Pin=R54-1
Added Pin To Net: NetName=NetR54_1 Pin=X4-1
Added Net: Name=NetR54_1
Added Pin To Net: NetName=NetR59_1 Pin=R59-1
Added Pin To Net: NetName=NetR59_1 Pin=X5-1
Added Net: Name=NetR59_1
Added Pin To Net: NetName=NetR64_1 Pin=R64-1
Added Pin To Net: NetName=NetR64_1 Pin=X6-1
Added Net: Name=NetR64_1
Added Pin To Net: NetName=NetR69_1 Pin=R69-1
Added Pin To Net: NetName=NetR69_1 Pin=X7-1
Added Net: Name=NetR69_1
Added Pin To Net: NetName=NetR71_1 Pin=R71-1
Added Pin To Net: NetName=NetR71_1 Pin=X8-1
Added Net: Name=NetR71_1
Added Pin To Net: NetName=NetR79_1 Pin=R79-1
Added Pin To Net: NetName=NetR79_1 Pin=X9-1
Added Net: Name=NetR79_1
Added Pin To Net: NetName=NetR81_1 Pin=R81-1
Added Pin To Net: NetName=NetR81_1 Pin=X10-1
Added Net: Name=NetR81_1
Added Pin To Net: NetName=NetR89_1 Pin=R89-1
Added Pin To Net: NetName=NetR89_1 Pin=X11-1
Added Net: Name=NetR89_1
