Change Component Designator: Old Designator=*1 New Designator=*2
Change Component Designator: Old Designator=*2 New Designator=*3
Change Component Designator: Old Designator=*3 New Designator=*4
Change Component Designator: Old Designator=*4 New Designator=*5
Change Component Designator: Old Designator=*5 New Designator=*6
Change Component Designator: Old Designator=*6 New Designator=*7
Change Component Designator: Old Designator=*7 New Designator=*8
Change Component Designator: Old Designator=*8 New Designator=*9
Change Component Designator: Old Designator=*9 New Designator=*10
Change Component Designator: Old Designator=*10 New Designator=*11
Change Component Designator: Old Designator=*11 New Designator=*12
Change Component Designator: Old Designator=*12 New Designator=*13
Change Component Designator: Old Designator=*13 New Designator=*14
Change Component Designator: Old Designator=*18 New Designator=*16
Change Component Designator: Old Designator=*19 New Designator=*17
Change Component Designator: Old Designator=*21 New Designator=*18
Change Component Designator: Old Designator=*24 New Designator=*19
Change Component Designator: Old Designator=* New Designator=*1
Change Component Designator: Old Designator=-5VReg New Designator=-1
Change Component Designator: Old Designator=3.3VReg New Designator=2
Change Component Designator: Old Designator=5VReg New Designator=1
Change Component Designator: Old Designator=c16 New Designator=c2
Change Component Designator: Old Designator=c17 New Designator=c3
Change Component Designator: Old Designator=c18 New Designator=c4
Change Component Designator: Old Designator=c22 New Designator=c5
Change Component Designator: Old Designator=c23 New Designator=c6
Change Component Designator: Old Designator=Ccp New Designator=Ccp1
Change Component Designator: Old Designator=Cvin New Designator=Cvin1
Change Component Designator: Old Designator=MUX1 New Designator=MUX2
Change Component Designator: Old Designator=MUX2 New Designator=MUX1
Change Component Designator: Old Designator=R1 New Designator=R3
Change Component Designator: Old Designator=R2 New Designator=R1
Change Component Designator: Old Designator=R3 New Designator=R5
Change Component Designator: Old Designator=R5 New Designator=R2
Change Component Designator: Old Designator=R6 New Designator=R7
Change Component Designator: Old Designator=R7 New Designator=R6
Change Component Designator: Old Designator=R20 New Designator=R8
Change Component Designator: Old Designator=Rpu New Designator=Rpu1
