Change Component Designator: Old Designator=*1 New Designator=*?
Change Component Designator: Old Designator=*2 New Designator=*?
Change Component Designator: Old Designator=*3 New Designator=*?
Change Component Designator: Old Designator=*4 New Designator=*?
Change Component Designator: Old Designator=*5 New Designator=*?
Change Component Designator: Old Designator=*6 New Designator=*?
Change Component Designator: Old Designator=*7 New Designator=*?
Change Component Designator: Old Designator=*8 New Designator=*?
Change Component Designator: Old Designator=*9 New Designator=*?
Change Component Designator: Old Designator=*10 New Designator=*?
Change Component Designator: Old Designator=*11 New Designator=*?
Change Component Designator: Old Designator=*12 New Designator=*?
Change Component Designator: Old Designator=*13 New Designator=*?
Change Component Designator: Old Designator=*15 New Designator=*?
Change Component Designator: Old Designator=*18 New Designator=*?
Change Component Designator: Old Designator=*19 New Designator=*?
Change Component Designator: Old Designator=*21 New Designator=*?
Change Component Designator: Old Designator=*24 New Designator=*?
Change Component Designator: Old Designator=* New Designator=*?
Change Component Designator: Old Designator=-5VReg New Designator=-?
Change Component Designator: Old Designator=3.3VReg New Designator=?
Change Component Designator: Old Designator=5VReg New Designator=?
Change Component Designator: Old Designator=C1 New Designator=C?
Change Component Designator: Old Designator=c16 New Designator=c?
Change Component Designator: Old Designator=c17 New Designator=c?
Change Component Designator: Old Designator=c18 New Designator=c?
Change Component Designator: Old Designator=c22 New Designator=c?
Change Component Designator: Old Designator=c23 New Designator=c?
Change Component Designator: Old Designator=Ccp New Designator=Ccp?
Change Component Designator: Old Designator=Cvin New Designator=Cvin?
Change Component Designator: Old Designator=MUX1 New Designator=MUX?
Change Component Designator: Old Designator=MUX2 New Designator=MUX?
Change Component Designator: Old Designator=MUX3 New Designator=MUX?
Change Component Designator: Old Designator=MUX4 New Designator=MUX?
Change Component Designator: Old Designator=MUX5 New Designator=MUX?
Change Component Designator: Old Designator=MUX6 New Designator=MUX?
Change Component Designator: Old Designator=MUX7 New Designator=MUX?
Change Component Designator: Old Designator=MUX8 New Designator=MUX?
Change Component Designator: Old Designator=MUX9 New Designator=MUX?
Change Component Designator: Old Designator=MUX10 New Designator=MUX?
Change Component Designator: Old Designator=MUX11 New Designator=MUX?
Change Component Designator: Old Designator=MUX12 New Designator=MUX?
Change Component Designator: Old Designator=R1 New Designator=R?
Change Component Designator: Old Designator=R2 New Designator=R?
Change Component Designator: Old Designator=R3 New Designator=R?
Change Component Designator: Old Designator=R4 New Designator=R?
Change Component Designator: Old Designator=R5 New Designator=R?
Change Component Designator: Old Designator=R6 New Designator=R?
Change Component Designator: Old Designator=R7 New Designator=R?
Change Component Designator: Old Designator=R20 New Designator=R?
Change Component Designator: Old Designator=Rpu New Designator=Rpu?
