Replace Part * HSEC8-120-01-S-RA-TR in C:\Users\57778\Desktop\multi\PCB_Project\read_out.SchDoc with HSEC8-120-01-S-RA-TR from Schlib1.SchLib
Replace Part -5V_REG LM27762 in C:\Users\57778\Desktop\multi\PCB_Project\read_out.SchDoc with LM27762 from Schlib1.SchLib
Replace Part 3.3V_REG ADP7118ARDZ-5.0-R7 in C:\Users\57778\Desktop\multi\PCB_Project\read_out.SchDoc with ADP7118ARDZ-5.0-R7 from Schlib1.SchLib
Replace Part 5V_REG ADP7118ARDZ-5.0-R7 in C:\Users\57778\Desktop\multi\PCB_Project\read_out.SchDoc with ADP7118ARDZ-5.0-R7 from Schlib1.SchLib
Replace Part C1 capacitor in C:\Users\57778\Desktop\multi\PCB_Project\read_out.SchDoc with capacitor from Schlib1.SchLib
Replace Part c2 capacitor in C:\Users\57778\Desktop\multi\PCB_Project\read_out.SchDoc with capacitor from Schlib1.SchLib
Replace Part c3 capacitor in C:\Users\57778\Desktop\multi\PCB_Project\read_out.SchDoc with capacitor from Schlib1.SchLib
Replace Part c4 capacitor in C:\Users\57778\Desktop\multi\PCB_Project\read_out.SchDoc with capacitor from Schlib1.SchLib
Replace Part c5 capacitor in C:\Users\57778\Desktop\multi\PCB_Project\read_out.SchDoc with capacitor from Schlib1.SchLib
Replace Part c6 capacitor in C:\Users\57778\Desktop\multi\PCB_Project\read_out.SchDoc with capacitor from Schlib1.SchLib
Replace Part c25 capacitor in C:\Users\57778\Desktop\multi\PCB_Project\read_out.SchDoc with capacitor from Schlib1.SchLib
Replace Part Ccp1 capacitor in C:\Users\57778\Desktop\multi\PCB_Project\read_out.SchDoc with capacitor from Schlib1.SchLib
Replace Part CH1_OUT SMA-J-P-H-ST-TH1 in C:\Users\57778\Desktop\multi\PCB_Project\read_out.SchDoc with SMA-J-P-H-ST-TH1 from Schlib1.SchLib
Replace Part CH2_OUT SMA-J-P-H-ST-TH1 in C:\Users\57778\Desktop\multi\PCB_Project\read_out.SchDoc with SMA-J-P-H-ST-TH1 from Schlib1.SchLib
Replace Part CH3_OUT SMA-J-P-H-ST-TH1 in C:\Users\57778\Desktop\multi\PCB_Project\read_out.SchDoc with SMA-J-P-H-ST-TH1 from Schlib1.SchLib
Replace Part CH4_OUT SMA-J-P-H-ST-TH1 in C:\Users\57778\Desktop\multi\PCB_Project\read_out.SchDoc with SMA-J-P-H-ST-TH1 from Schlib1.SchLib
Replace Part CH5_OUT SMA-J-P-H-ST-TH1 in C:\Users\57778\Desktop\multi\PCB_Project\read_out.SchDoc with SMA-J-P-H-ST-TH1 from Schlib1.SchLib
Replace Part CH6_OUT SMA-J-P-H-ST-TH1 in C:\Users\57778\Desktop\multi\PCB_Project\read_out.SchDoc with SMA-J-P-H-ST-TH1 from Schlib1.SchLib
Replace Part CH7_OUT SMA-J-P-H-ST-TH1 in C:\Users\57778\Desktop\multi\PCB_Project\read_out.SchDoc with SMA-J-P-H-ST-TH1 from Schlib1.SchLib
Replace Part CH8_OUT SMA-J-P-H-ST-TH1 in C:\Users\57778\Desktop\multi\PCB_Project\read_out.SchDoc with SMA-J-P-H-ST-TH1 from Schlib1.SchLib
Replace Part CH9_OUT SMA-J-P-H-ST-TH1 in C:\Users\57778\Desktop\multi\PCB_Project\read_out.SchDoc with SMA-J-P-H-ST-TH1 from Schlib1.SchLib
Replace Part CH10_OUT SMA-J-P-H-ST-TH1 in C:\Users\57778\Desktop\multi\PCB_Project\read_out.SchDoc with SMA-J-P-H-ST-TH1 from Schlib1.SchLib
Replace Part CH11_OUT SMA-J-P-H-ST-TH1 in C:\Users\57778\Desktop\multi\PCB_Project\read_out.SchDoc with SMA-J-P-H-ST-TH1 from Schlib1.SchLib
Replace Part CH12_OUT SMA-J-P-H-ST-TH1 in C:\Users\57778\Desktop\multi\PCB_Project\read_out.SchDoc with SMA-J-P-H-ST-TH1 from Schlib1.SchLib
Replace Part CH13_OUT SMA-J-P-H-ST-TH1 in C:\Users\57778\Desktop\multi\PCB_Project\read_out.SchDoc with SMA-J-P-H-ST-TH1 from Schlib1.SchLib
Replace Part CH14_OUT SMA-J-P-H-ST-TH1 in C:\Users\57778\Desktop\multi\PCB_Project\read_out.SchDoc with SMA-J-P-H-ST-TH1 from Schlib1.SchLib
Replace Part CH15_OUT SMA-J-P-H-ST-TH1 in C:\Users\57778\Desktop\multi\PCB_Project\read_out.SchDoc with SMA-J-P-H-ST-TH1 from Schlib1.SchLib
Replace Part Cvin1 capacitor in C:\Users\57778\Desktop\multi\PCB_Project\read_out.SchDoc with capacitor from Schlib1.SchLib
Replace Part J1 Powerinput in C:\Users\57778\Desktop\multi\PCB_Project\read_out.SchDoc with Powerinput from Schlib1.SchLib
Replace Part MUX1-1/6-1 TS5A3359DCUT in C:\Users\57778\Desktop\multi\PCB_Project\read_out.SchDoc with TS5A3359DCUT from Schlib1.SchLib
Replace Part MUX1-2/6-2 TS5A3359DCUT in C:\Users\57778\Desktop\multi\PCB_Project\read_out.SchDoc with TS5A3359DCUT from Schlib1.SchLib
Replace Part MUX2-1/7-1 TS5A3359DCUT in C:\Users\57778\Desktop\multi\PCB_Project\read_out.SchDoc with TS5A3359DCUT from Schlib1.SchLib
Replace Part MUX2-2/7-2 TS5A3359DCUT in C:\Users\57778\Desktop\multi\PCB_Project\read_out.SchDoc with TS5A3359DCUT from Schlib1.SchLib
Replace Part MUX3-1/8-1 TS5A3359DCUT in C:\Users\57778\Desktop\multi\PCB_Project\read_out.SchDoc with TS5A3359DCUT from Schlib1.SchLib
Replace Part MUX3-2/8-2 TS5A3359DCUT in C:\Users\57778\Desktop\multi\PCB_Project\read_out.SchDoc with TS5A3359DCUT from Schlib1.SchLib
Replace Part MUX4-1/9-1 TS5A3359DCUT in C:\Users\57778\Desktop\multi\PCB_Project\read_out.SchDoc with TS5A3359DCUT from Schlib1.SchLib
Replace Part MUX4-2/9-2 TS5A3359DCUT in C:\Users\57778\Desktop\multi\PCB_Project\read_out.SchDoc with TS5A3359DCUT from Schlib1.SchLib
Replace Part MUX10-1/11-2/5-1 TS5A3359DCUT in C:\Users\57778\Desktop\multi\PCB_Project\read_out.SchDoc with TS5A3359DCUT from Schlib1.SchLib
Replace Part MUX10-2/11-2/5-2 TS5A3359DCUT in C:\Users\57778\Desktop\multi\PCB_Project\read_out.SchDoc with TS5A3359DCUT from Schlib1.SchLib
Replace Part MUXS1-S6 TS5A3359DCUT in C:\Users\57778\Desktop\multi\PCB_Project\read_out.SchDoc with TS5A3359DCUT from Schlib1.SchLib
Replace Part MUXS2-S7 TS5A3359DCUT in C:\Users\57778\Desktop\multi\PCB_Project\read_out.SchDoc with TS5A3359DCUT from Schlib1.SchLib
Replace Part MUXS3-S8 TS5A3359DCUT in C:\Users\57778\Desktop\multi\PCB_Project\read_out.SchDoc with TS5A3359DCUT from Schlib1.SchLib
Replace Part MUXS4-S9 TS5A3359DCUT in C:\Users\57778\Desktop\multi\PCB_Project\read_out.SchDoc with TS5A3359DCUT from Schlib1.SchLib
Replace Part MUXS10-11-5 TS5A3359DCUT in C:\Users\57778\Desktop\multi\PCB_Project\read_out.SchDoc with TS5A3359DCUT from Schlib1.SchLib
Replace Part R4 resistor in C:\Users\57778\Desktop\multi\PCB_Project\read_out.SchDoc with resistor from Schlib1.SchLib
Replace Part R5 resistor in C:\Users\57778\Desktop\multi\PCB_Project\read_out.SchDoc with resistor from Schlib1.SchLib
Replace Part Rpu1 resistor in C:\Users\57778\Desktop\multi\PCB_Project\read_out.SchDoc with resistor from Schlib1.SchLib
